
 Start         Length     Name                   Class
 0001:00000000 000AF0E0H .text                   CODE
 0002:00000000 000071F0H .data                   DATA
 0002:000071F0 000048C5H .bss                    BSS


Detailed map of segments

 0001:00000000 00005C5B C=CODE     S=.text    G=(none)   M=System   ACBP=A9
 0001:00005C5C 00000140 C=CODE     S=.text    G=(none)   M=SysInit  ACBP=A9
 0001:00005D9C 00000078 C=CODE     S=.text    G=(none)   M=Types    ACBP=A9
 0001:00005E14 00000DC8 C=CODE     S=.text    G=(none)   M=Windows  ACBP=A9
 0001:00006BDC 00000340 C=CODE     S=.text    G=(none)   M=SysConst ACBP=A9
 0001:00006F1C 00007108 C=CODE     S=.text    G=(none)   M=SysUtils ACBP=A9
 0001:0000E024 00000038 C=CODE     S=.text    G=(none)   M=Messages ACBP=A9
 0001:0000E05C 0000099F C=CODE     S=.text    G=(none)   M=VarUtils ACBP=A9
 0001:0000E9FC 000092AC C=CODE     S=.text    G=(none)   M=Variants ACBP=A9
 0001:00017CA8 00000130 C=CODE     S=.text    G=(none)   M=RTLConsts ACBP=A9
 0001:00017DD8 00000DCC C=CODE     S=.text    G=(none)   M=TypInfo  ACBP=A9
 0001:00018BA4 00000038 C=CODE     S=.text    G=(none)   M=ActiveX  ACBP=A9
 0001:00018BDC 0000C21A C=CODE     S=.text    G=(none)   M=Classes  ACBP=A9
 0001:00024DF8 000045C8 C=CODE     S=.text    G=(none)   M=EDebug   ACBP=A9
 0001:000293C0 00000038 C=CODE     S=.text    G=(none)   M=ETypes   ACBP=A9
 0001:000293F8 00002944 C=CODE     S=.text    G=(none)   M=EConsts  ACBP=A9
 0001:0002BD3C 00004084 C=CODE     S=.text    G=(none)   M=ECore    ACBP=A9
 0001:0002FDC0 00001DEB C=CODE     S=.text    G=(none)   M=ELeaks   ACBP=A9
 0001:00031BAC 00007434 C=CODE     S=.text    G=(none)   M=EDisAsm  ACBP=A9
 0001:00038FE0 00000AFC C=CODE     S=.text    G=(none)   M=EHash    ACBP=A9
 0001:00039ADC 00001320 C=CODE     S=.text    G=(none)   M=EListView ACBP=A9
 0001:0003ADFC 00000354 C=CODE     S=.text    G=(none)   M=EEncrypt ACBP=A9
 0001:0003B150 000002DC C=CODE     S=.text    G=(none)   M=EBase64  ACBP=A9
 0001:0003B42C 000005A8 C=CODE     S=.text    G=(none)   M=EXMLBuilder ACBP=A9
 0001:0003B9D4 00004304 C=CODE     S=.text    G=(none)   M=ELogManager ACBP=A9
 0001:0003FCD8 00007178 C=CODE     S=.text    G=(none)   M=EWebTools ACBP=A9
 0001:00046E50 00007A10 C=CODE     S=.text    G=(none)   M=EZlib    ACBP=A9
 0001:0004E860 00000190 C=CODE     S=.text    G=(none)   M=EZip     ACBP=A9
 0001:0004E9F0 000000A0 C=CODE     S=.text    G=(none)   M=WinSock  ACBP=A9
 0001:0004EA90 0000158C C=CODE     S=.text    G=(none)   M=ESockets ACBP=A9
 0001:0005001C 000000E8 C=CODE     S=.text    G=(none)   M=ELang    ACBP=A9
 0001:00050104 000014F8 C=CODE     S=.text    G=(none)   M=EHook    ACBP=A9
 0001:000515FC 00000040 C=CODE     S=.text    G=(none)   M=ShellAPI ACBP=A9
 0001:0005163C 00027B74 C=CODE     S=.text    G=(none)   M=ExceptionLog ACBP=A9
 0001:000791B0 00000270 C=CODE     S=.text    G=(none)   M=Consts   ACBP=A9
 0001:00079420 00008C57 C=CODE     S=.text    G=(none)   M=Graphics ACBP=A9
 0001:00082078 00000048 C=CODE     S=.text    G=(none)   M=Math     ACBP=A9
 0001:000820C0 000002B8 C=CODE     S=.text    G=(none)   M=Contnrs  ACBP=A9
 0001:00082378 000000F4 C=CODE     S=.text    G=(none)   M=CommCtrl ACBP=A9
 0001:0008246C 00000787 C=CODE     S=.text    G=(none)   M=MultiMon ACBP=A9
 0001:00082BF4 00000038 C=CODE     S=.text    G=(none)   M=Imm      ACBP=A9
 0001:00082C2C 00001098 C=CODE     S=.text    G=(none)   M=HelpIntfs ACBP=A9
 0001:00083CC4 00000038 C=CODE     S=.text    G=(none)   M=WinSpool ACBP=A9
 0001:00083CFC 00000044 C=CODE     S=.text    G=(none)   M=Printers ACBP=A9
 0001:00083D40 0000031F C=CODE     S=.text    G=(none)   M=FlatSB   ACBP=A9
 0001:00084060 00001C08 C=CODE     S=.text    G=(none)   M=StdCtrls ACBP=A9
 0001:00085C68 00000038 C=CODE     S=.text    G=(none)   M=RegStr   ACBP=A9
 0001:00085CA0 00000038 C=CODE     S=.text    G=(none)   M=WinInet  ACBP=A9
 0001:00085CD8 00000038 C=CODE     S=.text    G=(none)   M=UrlMon   ACBP=A9
 0001:00085D10 00000038 C=CODE     S=.text    G=(none)   M=ShlObj   ACBP=A9
 0001:00085D48 00000038 C=CODE     S=.text    G=(none)   M=CommDlg  ACBP=A9
 0001:00085D80 00000E78 C=CODE     S=.text    G=(none)   M=ExtCtrls ACBP=A9
 0001:00086BF8 00000038 C=CODE     S=.text    G=(none)   M=Dlgs     ACBP=A9
 0001:00086C30 000012F5 C=CODE     S=.text    G=(none)   M=Dialogs  ACBP=A9
 0001:00087F28 00000094 C=CODE     S=.text    G=(none)   M=Clipbrd  ACBP=A9
 0001:00087FBC 00000038 C=CODE     S=.text    G=(none)   M=StrUtils ACBP=A9
 0001:00087FF4 00000168 C=CODE     S=.text    G=(none)   M=StdActns ACBP=A9
 0001:0008815C 00000CC4 C=CODE     S=.text    G=(none)   M=WinHelpViewer ACBP=A9
 0001:00088E20 000105EF C=CODE     S=.text    G=(none)   M=Controls ACBP=A9
 0001:00099410 00001282 C=CODE     S=.text    G=(none)   M=ActnList ACBP=A9
 0001:0009A694 00001608 C=CODE     S=.text    G=(none)   M=ImgList  ACBP=A9
 0001:0009BC9C 000064CD C=CODE     S=.text    G=(none)   M=Menus    ACBP=A9
 0001:000A216C 0000CAD4 C=CODE     S=.text    G=(none)   M=Forms    ACBP=A9
 0001:000AEC40 00000220 C=CODE     S=.text    G=(none)   M=HelloWorldMain ACBP=A9
 0001:000AEE60 0000027D C=CODE     S=.text    G=(none)   M=HelloWorld ACBP=A9
 0002:00000000 00000090 C=DATA     S=.data    G=DGROUP   M=System   ACBP=A9
 0002:00000090 00000018 C=DATA     S=.data    G=DGROUP   M=SysInit  ACBP=A9
 0002:000000A8 00000254 C=DATA     S=.data    G=DGROUP   M=SysUtils ACBP=A9
 0002:000002FC 00000110 C=DATA     S=.data    G=DGROUP   M=VarUtils ACBP=A9
 0002:0000040C 00000186 C=DATA     S=.data    G=DGROUP   M=Variants ACBP=A9
 0002:00000594 0000000C C=DATA     S=.data    G=DGROUP   M=TypInfo  ACBP=A9
 0002:000005A0 00000080 C=DATA     S=.data    G=DGROUP   M=Classes  ACBP=A9
 0002:00000620 0000004C C=DATA     S=.data    G=DGROUP   M=EDebug   ACBP=A9
 0002:0000066C 00000908 C=DATA     S=.data    G=DGROUP   M=EConsts  ACBP=A9
 0002:00000F74 00000044 C=DATA     S=.data    G=DGROUP   M=ECore    ACBP=A9
 0002:00000FB8 00000014 C=DATA     S=.data    G=DGROUP   M=ELeaks   ACBP=A9
 0002:00000FCC 000012D5 C=DATA     S=.data    G=DGROUP   M=EDisAsm  ACBP=A9
 0002:000022A4 00000212 C=DATA     S=.data    G=DGROUP   M=EHash    ACBP=A9
 0002:000024B8 000000C0 C=DATA     S=.data    G=DGROUP   M=EBase64  ACBP=A9
 0002:00002578 00000020 C=DATA     S=.data    G=DGROUP   M=EXMLBuilder ACBP=A9
 0002:00002598 00000020 C=DATA     S=.data    G=DGROUP   M=ELogManager ACBP=A9
 0002:000025B8 00002B8C C=DATA     S=.data    G=DGROUP   M=EWebTools ACBP=A9
 0002:00005144 00000E5C C=DATA     S=.data    G=DGROUP   M=EZlib    ACBP=A9
 0002:00005FA0 00000001 C=DATA     S=.data    G=DGROUP   M=ESockets ACBP=A9
 0002:00005FA4 000001A0 C=DATA     S=.data    G=DGROUP   M=EHook    ACBP=A9
 0002:00006144 00000560 C=DATA     S=.data    G=DGROUP   M=ExceptionLog ACBP=A9
 0002:000066A4 00000304 C=DATA     S=.data    G=DGROUP   M=Graphics ACBP=A9
 0002:000069A8 00000004 C=DATA     S=.data    G=DGROUP   M=Printers ACBP=A9
 0002:000069AC 00000018 C=DATA     S=.data    G=DGROUP   M=StdCtrls ACBP=A9
 0002:000069C4 000000B4 C=DATA     S=.data    G=DGROUP   M=Dialogs  ACBP=A9
 0002:00006A78 0000013C C=DATA     S=.data    G=DGROUP   M=Controls ACBP=A9
 0002:00006BB4 00000020 C=DATA     S=.data    G=DGROUP   M=ImgList  ACBP=A9
 0002:00006BD4 000000EC C=DATA     S=.data    G=DGROUP   M=Menus    ACBP=A9
 0002:00006CC0 00000124 C=DATA     S=.data    G=DGROUP   M=Forms    ACBP=A9
 0002:00008000 0000070C C=BSS      S=.bss     G=DGROUP   M=System   ACBP=A9
 0002:0000870C 00000018 C=BSS      S=.bss     G=DGROUP   M=SysInit  ACBP=A9
 0002:00008724 00000004 C=BSS      S=.bss     G=DGROUP   M=Types    ACBP=A9
 0002:00008728 00000004 C=BSS      S=.bss     G=DGROUP   M=Windows  ACBP=A9
 0002:0000872C 00000004 C=BSS      S=.bss     G=DGROUP   M=SysConst ACBP=A9
 0002:00008730 00000120 C=BSS      S=.bss     G=DGROUP   M=SysUtils ACBP=A9
 0002:00008850 00000004 C=BSS      S=.bss     G=DGROUP   M=Messages ACBP=A9
 0002:00008854 0000005C C=BSS      S=.bss     G=DGROUP   M=VarUtils ACBP=A9
 0002:000088B0 00000184 C=BSS      S=.bss     G=DGROUP   M=Variants ACBP=A9
 0002:00008A34 00000004 C=BSS      S=.bss     G=DGROUP   M=RTLConsts ACBP=A9
 0002:00008A38 00000004 C=BSS      S=.bss     G=DGROUP   M=TypInfo  ACBP=A9
 0002:00008A3C 00000004 C=BSS      S=.bss     G=DGROUP   M=ActiveX  ACBP=A9
 0002:00008A40 00000044 C=BSS      S=.bss     G=DGROUP   M=Classes  ACBP=A9
 0002:00008A84 00000004 C=BSS      S=.bss     G=DGROUP   M=EDebug   ACBP=A9
 0002:00008A88 00000004 C=BSS      S=.bss     G=DGROUP   M=ETypes   ACBP=A9
 0002:00008A8C 00000004 C=BSS      S=.bss     G=DGROUP   M=EConsts  ACBP=A9
 0002:00008A90 00000009 C=BSS      S=.bss     G=DGROUP   M=ECore    ACBP=A9
 0002:00008A9C 00000054 C=BSS      S=.bss     G=DGROUP   M=ELeaks   ACBP=A9
 0002:00008AF0 00000004 C=BSS      S=.bss     G=DGROUP   M=EDisAsm  ACBP=A9
 0002:00008AF4 00000404 C=BSS      S=.bss     G=DGROUP   M=EHash    ACBP=A9
 0002:00008EF8 00000004 C=BSS      S=.bss     G=DGROUP   M=EListView ACBP=A9
 0002:00008EFC 0000001C C=BSS      S=.bss     G=DGROUP   M=EEncrypt ACBP=A9
 0002:00008F18 00000004 C=BSS      S=.bss     G=DGROUP   M=EBase64  ACBP=A9
 0002:00008F1C 00000004 C=BSS      S=.bss     G=DGROUP   M=EXMLBuilder ACBP=A9
 0002:00008F20 00000004 C=BSS      S=.bss     G=DGROUP   M=ELogManager ACBP=A9
 0002:00008F24 00000048 C=BSS      S=.bss     G=DGROUP   M=EWebTools ACBP=A9
 0002:00008F6C 00002890 C=BSS      S=.bss     G=DGROUP   M=EZlib    ACBP=A9
 0002:0000B7FC 00000004 C=BSS      S=.bss     G=DGROUP   M=EZip     ACBP=A9
 0002:0000B800 00000004 C=BSS      S=.bss     G=DGROUP   M=WinSock  ACBP=A9
 0002:0000B804 00000004 C=BSS      S=.bss     G=DGROUP   M=ESockets ACBP=A9
 0002:0000B808 00000004 C=BSS      S=.bss     G=DGROUP   M=ELang    ACBP=A9
 0002:0000B80C 00000010 C=BSS      S=.bss     G=DGROUP   M=EHook    ACBP=A9
 0002:0000B81C 00000004 C=BSS      S=.bss     G=DGROUP   M=ShellAPI ACBP=A9
 0002:0000B820 00000E7C C=BSS      S=.bss     G=DGROUP   M=ExceptionLog ACBP=A9
 0002:0000C69C 00000004 C=BSS      S=.bss     G=DGROUP   M=Consts   ACBP=A9
 0002:0000C6A0 00000060 C=BSS      S=.bss     G=DGROUP   M=Graphics ACBP=A9
 0002:0000C700 00000004 C=BSS      S=.bss     G=DGROUP   M=Math     ACBP=A9
 0002:0000C704 00000004 C=BSS      S=.bss     G=DGROUP   M=Contnrs  ACBP=A9
 0002:0000C708 00000004 C=BSS      S=.bss     G=DGROUP   M=CommCtrl ACBP=A9
 0002:0000C70C 00000031 C=BSS      S=.bss     G=DGROUP   M=MultiMon ACBP=A9
 0002:0000C740 00000004 C=BSS      S=.bss     G=DGROUP   M=Imm      ACBP=A9
 0002:0000C744 00000008 C=BSS      S=.bss     G=DGROUP   M=HelpIntfs ACBP=A9
 0002:0000C74C 00000004 C=BSS      S=.bss     G=DGROUP   M=WinSpool ACBP=A9
 0002:0000C750 00000004 C=BSS      S=.bss     G=DGROUP   M=Printers ACBP=A9
 0002:0000C754 00000034 C=BSS      S=.bss     G=DGROUP   M=FlatSB   ACBP=A9
 0002:0000C788 00000004 C=BSS      S=.bss     G=DGROUP   M=StdCtrls ACBP=A9
 0002:0000C78C 00000004 C=BSS      S=.bss     G=DGROUP   M=RegStr   ACBP=A9
 0002:0000C790 00000004 C=BSS      S=.bss     G=DGROUP   M=WinInet  ACBP=A9
 0002:0000C794 00000004 C=BSS      S=.bss     G=DGROUP   M=UrlMon   ACBP=A9
 0002:0000C798 00000004 C=BSS      S=.bss     G=DGROUP   M=ShlObj   ACBP=A9
 0002:0000C79C 00000004 C=BSS      S=.bss     G=DGROUP   M=CommDlg  ACBP=A9
 0002:0000C7A0 00000004 C=BSS      S=.bss     G=DGROUP   M=ExtCtrls ACBP=A9
 0002:0000C7A4 00000004 C=BSS      S=.bss     G=DGROUP   M=Dlgs     ACBP=A9
 0002:0000C7A8 00000038 C=BSS      S=.bss     G=DGROUP   M=Dialogs  ACBP=A9
 0002:0000C7E0 0000000C C=BSS      S=.bss     G=DGROUP   M=Clipbrd  ACBP=A9
 0002:0000C7EC 00000004 C=BSS      S=.bss     G=DGROUP   M=StrUtils ACBP=A9
 0002:0000C7F0 00000004 C=BSS      S=.bss     G=DGROUP   M=StdActns ACBP=A9
 0002:0000C7F4 00000010 C=BSS      S=.bss     G=DGROUP   M=WinHelpViewer ACBP=A9
 0002:0000C804 00000080 C=BSS      S=.bss     G=DGROUP   M=Controls ACBP=A9
 0002:0000C884 00000004 C=BSS      S=.bss     G=DGROUP   M=ActnList ACBP=A9
 0002:0000C888 00000004 C=BSS      S=.bss     G=DGROUP   M=ImgList  ACBP=A9
 0002:0000C88C 00000010 C=BSS      S=.bss     G=DGROUP   M=Menus    ACBP=A9
 0002:0000C89C 00000020 C=BSS      S=.bss     G=DGROUP   M=Forms    ACBP=A9
 0002:0000C8BC 00000008 C=BSS      S=.bss     G=DGROUP   M=HelloWorldMain ACBP=A9


  Address         Publics by Name

 0002:00005408       ..
 0001:00048EB4       ..
 0001:0004C9E4       ..
 0002:000051C8       ..
 0002:00005534       ..
 0002:00005298       ..
 0001:00048AA8       ..
 0002:00005248       ..
 0002:0000516C       ..
 0002:000051DC       ..
 0002:000051D4       ..
 0001:00048F7C       ..
 0002:0000AF70       ..
 0002:000051F4       ..
 0001:00047594       ..
 0002:00008F70       ..
 0002:0000C7A8       .01
 0002:0000C740       .1
 0002:0000C72C       .1
 0002:0000B81C       .1
 0002:0000B80C       .1
 0002:0000B808       .1
 0002:00008A34       .1
 0002:0000B800       .1
 0002:00008F18       .1
 0002:0000C708       .1
 0002:00008EFC       .1
 0002:00008AF4       .1
 0002:0000C7FC       .1
 0002:0000C7EC       .1
 0002:00008AB4       .1
 0002:00008724       .1
 0002:00008854       .1
 0002:00008850       .1
 0002:0000C7A4       .1
 0002:00008A88       .1
 0002:0000C79C       .1
 0002:0000872C       .1
 0002:0000C798       .1
 0002:0000C794       .1
 0002:0000C790       .1
 0002:0000C78C       .1
 0002:0000C774       .1
 0002:0000C69C       .1
 0002:0000871C       .1
 0002:0000C7A0       .12
 0002:0000C6A4       .12
 0002:00008AF0       .2
 0002:0000C7E4       .2
 0002:0000C744       .2
 0002:0000C8C0       .2
 0002:0000C700       .2
 0002:00008F6C       .2
 0002:00008EF8       .2
 0002:0000B844       .21
 0002:0000C704       .21
 0002:00008F20       .3
 0002:00008F1C       .3
 0002:00008A3C       .3
 0002:0000B7FC       .3
 0002:0000C888       .3
 0002:0000C74C       .3
 0002:00008728       .3
 0002:0000C750       .3
 0002:00008A48       .35
 0002:0000B804       .4
 0002:00008A94       .4
 0002:0000C8A4       .41
 0002:0000C788       .42
 0002:00008A8C       .5
 0002:000085BC       .5
 0002:00008A38       .6
 0002:0000C7F0       .63
 0002:00008F24       .7
 0002:0000C80C       .72
 0002:0000C884       .8
 0002:000088D0       .81
 0002:0000C894       .9
 0002:00008A84       .92
 0002:00008840       .94
 0001:00001CA8       @AbstractError
 0001:00004428       @AddRefArray
 0001:000043F8       @AddRefRecord
 0001:00002C98       @AfterConstruction
 0001:00002A8C       @AsClass
 0001:0000370C       @Assert
 0001:00002114       @AStrCmp
 0001:00002CA8       @BeforeDestruction
 0001:0000281C       @BoundErr
 0001:00002AD8       @CallDynaInst
 0001:0000574C       @CheckAutoResult
 0001:00002C40       @ClassCreate
 0001:00002C90       @ClassDestroy
 0001:00001FE0       @Close
 0001:000018F8       @Copy
 0001:00004604       @CopyArray
 0001:000044E8       @CopyRecord
 0001:00049928       @deflateInit2_
 0001:00004888       @DispCallByIDError
 0001:0000470C       @Dispose
 0001:000031E8       @DoneExcept
 0001:00004FEC       @DynArrayAddRef
 0001:00004FC4       @DynArrayAsg
 0001:00004F88       @DynArrayClear
 0001:00004E74       @DynArrayCopy
 0001:00004E94       @DynArrayCopyRange
 0001:00004CB4       @DynArrayHigh
 0001:00004CAC       @DynArrayLength
 0001:00004E68       @DynArraySetLength
 0001:000032D0       @ExceptionHandler
 0001:00002184       @FillChar
 0001:00048B74       @fill_fopen_filefunc
 0001:000043EC       @Finalize
 0001:00004300       @FinalizeArray
 0001:000042CC       @FinalizeRecord
 0001:00002AF0       @FindDynaInst
 0001:00001FD4       @Flush
 0001:00002810       @FpuInit
 0001:0000274C       @FpuMaskInit
 0001:00001748       @FreeMem
 0001:00001728       @GetMem
 0001:00005CD4       @GetTls
 0001:000490AC       @get_crc_table
 0001:000036F4       @Halt
 0001:0000361C       @Halt0
 0001:00002DBC       @HandleAnyException
 0001:000030A8       @HandleAutoException
 0001:00003070       @HandleFinally
 0001:00002EE8       @HandleOnException
 0001:0004B01C       @inflateInit2_
 0001:0004AA64       @inflate_fast
 0001:0004C574       @inflate_table
 0001:00005D20       @InitExe
 0001:000042C0       @Initialize
 0001:0000422C       @InitializeArray
 0001:000041FC       @InitializeRecord
 0001:000034E0       @InitImports
 0001:000034B8       @InitResStringImports
 0001:000019B4       @Insert
 0001:000056B0       @IntfAddRef
 0001:00005684       @IntfCast
 0001:00005640       @IntfClear
 0001:00005658       @IntfCopy
 0001:00002A68       @IsClass
 0001:0000271C       @isNECWindows
 0001:0000193C       @LGetDir
 0001:00003C6C       @LStrAddRef
 0001:000037D4       @LStrArrayClr
 0001:00003804       @LStrAsg
 0001:00003A8C       @LStrCat
 0001:00003AD0       @LStrCat3
 0001:00003B44       @LStrCatN
 0001:000037B0       @LStrClr
 0001:00003BC8       @LStrCmp
 0001:00003CDC       @LStrCopy
 0001:00003D1C       @LStrDelete
 0001:00003A18       @LStrFromArray
 0001:00003990       @LStrFromChar
 0001:000039A0       @LStrFromPChar
 0001:000038A0       @LStrFromPCharLen
 0001:000039D0       @LStrFromPWChar
 0001:00003904       @LStrFromPWCharLen
 0001:00003A0C       @LStrFromString
 0001:00003A30       @LStrFromWArray
 0001:00003A4C       @LStrFromWStr
 0001:00003D64       @LStrInsert
 0001:00003848       @LStrLAsg
 0001:00003A84       @LStrLen
 0001:00003E6C       @LStrOfChar
 0001:00003DC0       @LStrPos
 0001:00003E08       @LStrSetLength
 0001:00003C7C       @LStrToPChar
 0001:00003A60       @LStrToString
 0001:000046F8       @New
 0001:00003874       @NewAnsiString
 0001:00003EC8       @NewWideString
 0001:00001C28       @Pos
 0001:00002434       @Pow10
 0001:00002090       @PStrCmp
 0001:00002068       @PStrCpy
 0001:00002038       @PStrNCat
 0001:00002074       @PStrNCpy
 0001:00003194       @RaiseAgain
 0001:0000316C       @RaiseExcept
 0001:000021A4       @RandInt
 0001:00001768       @ReallocMem
 0001:00001D1C       @RewritText
 0001:00001C78       @ROUND
 0001:00003700       @RunError
 0001:00002418       @SetEq
 0001:00001C68       @SetLength
 0001:00003478       @StartExe
 0001:00000314       @strlen
 0001:00001C84       @TRUNC
 0001:00003218       @TryFinallyExit
 0001:00003CD4       @UniqueStringA
 0001:00004A88       @ValInt64
 0001:000021C0       @ValLong
 0001:00004880       @VarAddRef
 0001:000047A8       @VarClear
 0001:00004878       @VarClr
 0001:0000485C       @VarCmpEQ
 0001:000047B0       @VarCopy
 0001:0000481C       @VarFromBool
 0001:00004834       @VarFromCurr
 0001:00004854       @VarFromDisp
 0001:00004800       @VarFromInt
 0001:00004808       @VarFromInt64
 0001:0000484C       @VarFromIntf
 0001:0000483C       @VarFromLStr
 0001:00004824       @VarFromReal
 0001:0000482C       @VarFromTDateTime
 0001:00004844       @VarFromWStr
 0001:00004868       @VarNeg
 0001:00004870       @VarNot
 0001:000047C8       @VarToBool
 0001:000047D8       @VarToCurr
 0001:000047F8       @VarToDisp
 0001:000047B8       @VarToInt
 0001:000047C0       @VarToInt64
 0001:000047F0       @VarToIntf
 0001:000047E0       @VarToLStr
 0001:000047D0       @VarToReal
 0001:000047E8       @VarToWStr
 0001:00003E98       @Write0LString
 0001:000022D0       @WriteBytes
 0001:000023A0       @WriteLn
 0001:00003EA0       @WriteLString
 0001:00002324       @WriteSpaces
 0001:000041DC       @WStrAddRef
 0001:00003F08       @WStrArrayClr
 0001:00003F2C       @WStrAsg
 0001:00004068       @WStrCat
 0001:00003EF0       @WStrClr
 0001:000040C8       @WStrCmp
 0001:0000414C       @WStrCopy
 0001:0000403C       @WStrFromLStr
 0001:00003F50       @WStrFromPCharLen
 0001:00004000       @WStrFromPWChar
 0001:00003FDC       @WStrFromPWCharLen
 0001:0000405C       @WStrLen
 0001:00004198       @WStrSetLength
 0001:0000404C       @WStrToPWChar
 0001:000023F4       @_CLenToPasStr
 0001:000023E8       @_CToPasStr
 0001:000018C8       @_IOTest
 0001:000048B4       @_lldiv
 0001:0000497C       @_llmod
 0001:00004890       @_llmul
 0001:00004A48       @_llshl
 0001:00004930       @_lludiv
 0001:000049F8       @_llumod
 0001:00004A68       @_llushr
 0001:0004DBE4       @_tr_align
 0001:0004DEB0       @_tr_flush_block
 0001:0004C9E8       @_tr_init
 0001:0004DB28       @_tr_stored_block
 0001:0000BF44       Abort
 0001:0008B6F8       AbsMin
 0001:0000C304       AbstractErrorHandler
 0002:0000802C       AbstractErrorProc
 0002:0000012C       AccessMode
 0001:0006BD8C       AccessViolationModuleInLongFormat
 0001:00001830       AcquireExceptionObject
 0001:00062750       ActicatePage
 0001:0001AFEC       ActivateClassGroup
 0002:0000B9B8       ActivateEurekaLog
 0001:0000643C       ActivateKeyboardLayout
 0002:0000C840       ActiveDrag
 0001:00018BD4       ActiveX
 0001:0009A668       ActnList
 0001:000415F4       AddAuthenticationToURL
 0001:00000440       AddBlockAfter
 0001:00071CB4       AddCallerCallStack
 0001:0006653C       AddColor
 0001:0005E37C       AddCustomHeadersToLog
 0001:0005E220       AddCustomHeaderToLog
 0002:000005A0       AddDataModule
 0001:0004F730       AddDNS
 0001:00007B80       AddExitProc
 0001:0001E93C       AddFinished
 0001:0009D894       AddIn
 0002:00008AB0       AddLeak
 0001:0005CF78       AddModule
 0001:000054E4       AddModuleUnloadProc
 0001:000054D4       AddModuleUnloadProc
 0001:00057288       AddNewProcess
 0001:00057650       AddNewProcessEx
 0001:0001E974       AddNotFinished
 0001:000506CC       AddrSize
 0001:0006AB38       AddStr
 0001:00023428       AddThread
 0001:0005D0F8       AddToStack
 0001:0003D17C       AddValueField
 0001:000473AC       AddZipFile
 0001:0007CD6C       AdjustColor
 0001:000626A0       AdjustDialog
 0001:0005FB80       AdjustFlatStyle
 0001:000A4FB4       Adjustment
 0001:00006444       AdjustWindowRectEx
 0001:00048BAC       adler32
 0001:00067118       AfterScreenshot
 0001:00066E30       AfterScreenshotToStream
 0002:00006C98       Alignments
 0002:000069AC       Alignments
 0002:00006CA8       Alignments
 0001:000ABE20       AlignWork
 0001:00090D30       AlignWork
 0002:00008ACC       AllocatedList_End
 0002:00008AC4       AllocatedList_Lock
 0002:00008AC8       AllocatedList_Start
 0001:00024C10       AllocateHWnd
 0001:00007B34       AllocMem
 0002:000085B4       AllocMemCount
 0002:000085B8       AllocMemSize
 0001:00081E70       AllocPatternBitmap
 0001:00005C7C       AllocTlsBuffer
 0002:00005124       AlphaNumerics
 0001:00021ED8       AncestorValid
 0002:00006A84       AnchorAlign
 0002:00006A78       AnimateWindowProc
 0002:00006B80       AnimationStyle
 0001:0000CB2C       AnsiCompareFileName
 0001:00007D60       AnsiCompareStr
 0001:00007D98       AnsiCompareText
 0001:00008494       AnsiLastChar
 0001:0000644C       AnsiLower
 0001:00007D2C       AnsiLowerCase
 0001:0000CBAC       AnsiLowerCaseFileName
 0001:0000CAF4       AnsiPos
 0001:000A1F78       AnsiSameCaption
 0001:00007DD0       AnsiSameText
 0001:00007DE8       AnsiStrLIComp
 0001:0000CC38       AnsiStrPos
 0001:0000CCD8       AnsiStrRScan
 0001:0000CD00       AnsiStrScan
 0001:00005AD8       AnsiToUtf8
 0001:00007CF8       AnsiUpperCase
 0001:00014790       AnyOp
 0001:00013BBC       AnyToIntf
 0001:0000A254       AppendChars
 0001:0000A618       AppendFormat
 0001:0000A2B8       AppendNumber
 0001:0000A298       AppendString
 0002:0000C89C       Application
 0002:000005B0       ApplicationHandleException
 0001:0005D74C       ApplicationRestore
 0002:000005B8       ApplicationShowException
 0002:00006DDC       AppVisible
 0001:000307C8       AreTheSameLeak
 0001:0005C008       ASMAssigned
 0002:00006044       AsmConst
 0001:0006111C       AssemblerDialogProc
 0001:00053110       AssemblerToRTF
 0001:0000C2E8       AssertErrorHandler
 0002:00008024       AssertErrorProc
 0001:0001826C       AssignLongStr
 0001:00064AD4       AssignOnCloseData
 0001:0005EBC8       AssignPriority
 0001:00029258       AssignValidDebugInfo
 0001:000188E8       AssignVariant
 0001:00067F60       AttachedFile
 0001:000681BC       AttachedFiles
 0002:0000B838       AttachedFilesRequest
 0001:0006DA00       AttrToString
 0002:0000B9C0       AutoCloseTimer
 0001:0005E0F4       AutoCloseTimerProc
 0002:00008608       avail
 0001:0000896C       BackfillGetDiskFreeSpaceEx
 0001:0008E264       BackgroundClipped
 0001:0000E2F4       BackupVarBoolFromStr
 0001:0000E454       BackupVarBStrFromBool
 0001:0000E374       BackupVarBStrFromCy
 0001:0000E3E4       BackupVarBStrFromDate
 0001:0000E288       BackupVarCyFromStr
 0001:0000E21C       BackupVarDateFromStr
 0001:0000E0D8       BackupVarI4FromStr
 0001:0000E084       BackupVariantChangeTypeEx
 0001:0000E144       BackupVarR4FromStr
 0001:0000E1B0       BackupVarR8FromStr
 0001:0003B270       Base64Decode
 0001:0003B350       Base64DecodeStr
 0001:0003B3B8       Base64DecodeString
 0001:0003B1B4       Base64Encode
 0001:00067B38       Base64EncodeFromFile
 0001:0003B304       Base64EncodeStr
 0001:0003B3B0       Base64EncodeString
 0001:0003B3C0       Base64EncodeToString
 0002:00000424       BaseTypeMap
 0001:0000C7C4       Beep
 0001:0001B3C0       BeginGlobalLoading
 0001:00006454       BeginPaint
 0001:00003764       BeginThread
 0001:0007CD78       BetterSize
 0001:0009E678       BiDiDraw
 0001:0002DE90       BinToStr
 0001:000061F4       BitBlt
 0002:0000695C       BitmapCanvasList
 0002:0000C6BC       BitmapImageLock
 0001:0000E0C0       BiUnimplemented
 0002:000005F4       BlockCode
 0002:000085E0       blockDescBlockList
 0002:000085E4       blockDescFreeList
 0001:0006A6C8       BlockingSendInternetMessage
 0002:00000FBC       BlockOverFoot
 0002:00000FB8       BlockOverHead
 0002:00000594       BooleanIdents
 0002:00000420       BooleanToStringRule
 0001:00008198       BoolToStr
 0001:00012C78       BoolToWStrViaOS
 0002:00006D24       BorderStyles
 0001:00005DC0       Bounds
 0001:0001A324       Bounds
 0002:00006C40       Breaks
 0002:0000C6F4       BrushManager
 0001:000A0D88       BuildImage
 0001:000578E4       BuildListPS
 0001:000577AC       BuildListTH
 0002:00006A20       ButtonCaptions
 0002:000069F4       ButtonNames
 0002:00006CBC       Buttons
 0002:000069BC       ButtonStyles
 0002:0000C7B4       ButtonWidths
 0002:0000228C       ByteRegs1
 0002:00002290       ByteRegs2
 0001:000666A4       BytesPerScanline
 0001:0007C558       BytesPerScanline
 0001:00066110       BytesSwap
 0001:0007C8B0       ByteSwapColors
 0001:0000C8A8       ByteToCharIndex
 0001:0000C880       ByteToCharLen
 0001:0000C844       ByteType
 0001:0000C7CC       ByteTypeTest
 0002:0000BBBC       Cached_LogFile
 0001:00075750       CalcAddr
 0001:00066140       CalcCRC
 0001:0003B17C       CalcDecodedSize
 0001:0005A128       CalcDuplicatedException
 0001:0003B150       CalcEncodedSize
 0001:00024B4C       CalcJmpOffset
 0001:00098700       CalcSplitterPos
 0001:00050A28       CalculateRelocatedAsmSize
 0001:0005B224       CallAttachedFilesRequest
 0001:0005B294       CallAttachedFilesRequestEvents
 0001:0005B3C8       CallCustomButtonClickEvent
 0001:0005B434       CallCustomButtonClickEvents
 0001:0005B154       CallCustomDataRequest
 0001:0005B1C4       CallCustomDataRequestEvents
 0001:0005B2F8       CallCustomWebFieldsRequest
 0001:0005B368       CallCustomWebFieldsRequestEvents
 0001:0002FE74       CallerOfReallocMem
 0001:00075CA0       CallEurekaLog
 0001:0005AE58       CallExceptionActionNotify
 0001:0006E224       CallExceptionActionNotify_atSavedLogFile
 0001:0006E200       CallExceptionActionNotify_atSavingLogFile
 0001:000694E0       CallExceptionActionNotify_atSendingEmail
 0001:00069528       CallExceptionActionNotify_atSendingWebMessage
 0001:00069504       CallExceptionActionNotify_atSentEmail
 0001:0006954C       CallExceptionActionNotify_atSentWebMessage
 0001:0006E4E4       CallExceptionActionNotify_atShowedExceptionInfo
 0001:0006E4C0       CallExceptionActionNotify_atShowingExceptionInfo
 0001:00065A48       CallExceptionActionNotify_atTerminating
 0001:0005AFCC       CallExceptionErrorNotify
 0001:0006E248       CallExceptionErrorNotify_atSavedLogFile
 0001:00069570       CallExceptionErrorNotify_atSentEmail
 0001:00069594       CallExceptionErrorNotify_atSentWebMessage
 0001:0005AC60       CallExceptionNotify
 0001:0005ACCC       CallExceptionNotifyEvents
 0002:00006148       CallFromCOMObject
 0001:0005AD30       CallHandledExceptionNotify
 0001:0005AD9C       CallHandledExceptionNotifyEvents
 0001:0005B1D0       CallModuleEvent_AttachedFilesRequest
 0001:0005B374       CallModuleEvent_CustomButtonClickNotify
 0001:0005B100       CallModuleEvent_CustomDataRequest
 0001:0005B2A0       CallModuleEvent_CustomWebFieldsRequest
 0001:0005ADA8       CallModuleEvent_ExceptionActionNotify
 0001:0005AF20       CallModuleEvent_ExceptionErrorNotify
 0001:0005AC10       CallModuleEvent_ExceptionNotify
 0001:0005ACD8       CallModuleEvent_HandledExceptionNotify
 0001:0005B440       CallModuleEvent_PasswordRequest
 0001:0000645C       CallNextHookEx
 0001:0005B094       CallPasswordRequest
 0001:0005D3DC       CallStackByAddresses
 0001:000615E8       CallStackDialogProc
 0001:0000D500       CallTerminateProcs
 0001:00006464       CallWindowProc
 0001:0006E508       CallWriteIntraWebText
 0001:00074308       Call_HookedExceptionObject
 0001:000740F8       Call_HookedRaise
 0001:00074334       Call_HookedRtlUnwind
 0001:00065CB4       CalsCoordinates
 0002:0000B975       CanAttachScreenshot
 0002:0000B971       CanAttachScreenshot_Show
 0001:00075614       CanCallUnhandledException
 0001:0008C718       CancelDrag
 0002:0000B976       CanCopy
 0002:0000B972       CanCopy_Show
 0001:0005BDEC       CanExit
 0002:0000B939       CanHookLibraries
 0002:00006644       CannotProcessMessagesExceptions
 0002:0000BB40       CannotUseThread
 0001:00071D28       CanPauseThisThread
 0002:0000B970       CanSendError_Show
 0002:0000B974       CanSendMessage
 0002:0000B973       CanSupport_Show
 0002:0000C854       CanvasList
 0002:0000C6F8       CanvasList
 0002:0000BBEC       CaptionFontName
 0002:000069CC       Captions
 0002:0000BE28       CAPTION_HEIGHT
 0002:00006B3C       CaptureControl
 0002:000024B8       cBase64Codec
 0002:000024F8       cBase64Codec
 0002:00006BE0       cBooleanToItemAutoFlag
 0002:000004B8       CBooleanToRelationship
 0001:0005F5E8       CenterOnActiveWndMonitor
 0001:0005E078       CenterWindow
 0002:0000C7E2       CF_COMPONENT
 0002:0000C7E0       CF_PICTURE
 0002:0000B8F4       CGIHandleException
 0002:0000B8A0       CGIOutputFile
 0002:000088C8       ChangeAnyProc
 0001:0008ACD0       ChangeBiDiModeAlignment
 0001:00008514       ChangeFileExt
 0001:00077B18       ChangeFinalizationOrder
 0001:00064A48       ChangeLogUserEmail
 0001:000038D0       CharFromWChar
 0001:0000CA7C       CharLength
 0001:0000646C       CharLowerBuff
 0001:00000274       CharNext
 0001:00006474       CharNext
 0002:00002598       chars
 0001:0007AE88       CharsetToIdent
 0001:0000C990       CharToByteIndex
 0001:0000C9F4       CharToByteLen
 0001:0000647C       CharUpperBuff
 0001:0007D340       CheckBool
 0001:00078414       CheckCrc32
 0001:0002D0D4       CheckDirectoryExists
 0001:00041560       CheckError
 0001:00050FFC       CheckFail
 0001:00077920       CheckForMemoryLeaks
 0001:00058DD4       CheckForResult
 0001:0002CF20       CheckIntoIDE
 0001:00002D38       CheckJmp
 0001:0002CE44       CheckKey
 0001:0005215C       CheckMagicCode
 0001:00006484       CheckMenuItem
 0001:00030508       CheckOurPointer
 0002:00006C30       Checks
 0001:000234D4       CheckSynchronize
 0001:000A49F0       CheckTaskWindow
 0001:0001481C       CheckType
 0001:00015414       CheckType
 0001:0008C3CC       CheckUndock
 0001:0000C7A4       CheckWin32Version
 0002:0000043C       CInvalidCustomVariantType
 0002:00006BE4       cItemAutoFlagToBoolean
 0002:00006BDC       cItemAutoFlagToMenu
 0001:00024D94       Classes
 0001:0001ADB0       ClassNotFound
 0002:000088C4       ClearAnyProc
 0001:0007A718       ClearColor
 0001:00055D0C       ClearInternalError
 0001:000175D0       ClearVariantTypeList
 0002:0000BD91       ClickLinkActive
 0001:0003A3E8       ClickOnSign
 0001:0000648C       ClientToScreen
 0001:00095CE8       ClientToWindow
 0002:00006954       ClipboardFormats
 0001:00087F64       Clipbrd
 0001:00053FAC       CloneObject
 0001:00006494       CloseClipboard
 0001:00000214       CloseHandle
 0001:00005E54       CloseHandle
 0001:0005A10C       CloseLogFile
 0001:00052100       ClosePrinter
 0001:00067E84       CloseSendDialog
 0001:0004E9F0       closesocket
 0001:0004756C       CloseZipFile
 0002:0000B8FC       CLXHandleException
 0002:0000B900       CLXShowException
 0002:00008040       CmdLine
 0002:0000803C       CmdShow
 0002:00006BD8       cMenuAutoFlagToItem
 0002:000004C4       CmpTypeMap
 0001:0000E0CC       CmpUnimplemented
 0002:0000668C       ColIdx
 0001:0001B67C       CollectionsEqual
 0002:000066D4       Colors
 0001:0007AC80       ColorToIdent
 0001:0007AC70       ColorToRGB
 0002:0000BDC4       ColWidths
 0001:000061FC       CombineRgn
 0002:0000C898       CommandPool
 0001:00082464       CommCtrl
 0001:00085D78       CommDlg
 0001:00000720       Commit
 0002:00008624       committedRoot
 0001:00066D74       CommonSaveToStream
 0001:0005C1D8       CompareEurekaFunctions
 0001:0009CE78       CompareFront
 0001:00007C60       CompareMem
 0001:00056D54       CompareModulesFunctions
 0001:000570E0       CompareProcessesFunctions
 0001:00007C30       CompareStr
 0001:00005E5C       CompareString
 0001:00007C80       CompareText
 0001:000080C0       CompareWith
 0001:0006C884       CompleteIP
 0001:00043210       CompleteNumber
 0001:0003C394       CompleteStr
 0001:000526F8       CompleteStr
 0001:0006DA54       CompleteString
 0001:0001F35C       ComponentCreated
 0001:000390E8       Compress
 0001:00048F68       compressBound
 0001:0007D110       ComputeAldusChecksum
 0001:0002F9FC       ComputerName
 0001:00053AAC       ComputerName
 0001:0004E9F8       connect
 0001:00079418       Consts
 0001:00082370       Contnrs
 0002:0000C812       ControlAtom
 0002:0000C818       ControlAtomString
 0001:000A9798       ControlHasHelp
 0001:00099380       Controls
 0001:0000BCF4       ConvertAddr
 0001:00030108       ConvertAddress
 0001:0002C75C       ConvertAddress
 0001:0000A3A8       ConvertEraString
 0001:00007AF8       ConvertError
 0001:00007B10       ConvertErrorFmt
 0001:0003BAEC       ConvertNotDosText
 0001:00040014       ConvertSpecialHTMLChars
 0001:0000A510       ConvertYearString
 0001:00004CBC       CopyArray
 0001:0007F4AC       CopyBitmap
 0001:0007FB74       CopyBitmapAsMask
 0001:00006204       CopyEnhMetaFile
 0001:000069AC       CopyMemory
 0001:0007FB10       CopyPalette
 0001:0000649C       CopyRect
 0001:0005B734       CopyStrings
 0001:0009FE34       CopyToBest
 0001:00030E18       CountAllLeaks
 0001:0000C900       CountChars
 0002:0000C6D4       CounterLock
 0001:00062474       CPUDialogProc
 0001:000534AC       CPUToRTF
 0002:00000440       CRangeToType
 0002:000022A4       Crc16Tab
 0001:000490C0       crc32
 0002:00008AF8       crc_table
 0002:000024A4       crc_table_computed
 0001:000668B8       Create8bitBitmap
 0001:0000C22C       CreateAssertException
 0001:0000C3B4       CreateAVObject
 0001:0000620C       CreateBitmap
 0001:00006214       CreateBrushIndirect
 0001:0000621C       CreateCompatibleBitmap
 0001:00006224       CreateCompatibleDC
 0001:0001F3DC       CreateComponent
 0001:00006A94       CreateDialog
 0001:0005DD0C       CreateDialogFonts
 0001:000064A4       CreateDialogParam
 0001:00006234       CreateDIBitmap
 0001:0000622C       CreateDIBSection
 0001:00008A58       CreateDir
 0001:00005E64       CreateDirectory
 0001:00005E6C       CreateEvent
 0001:0005EE7C       CreateExceptionReport
 0001:00005E74       CreateFile
 0001:0000021C       CreateFileA
 0001:00005E7C       CreateFileMapping
 0001:0000623C       CreateFont
 0001:00006244       CreateFontIndirect
 0001:0006E514       CreateGeneralText
 0001:0000624C       CreateHalftonePalette
 0001:000581C4       CreateHTMLByLayout
 0001:0005A840       CreateHTMLFile
 0001:000064AC       CreateIcon
 0001:0000C158       CreateInOutError
 0001:0005F160       CreateLeakReport
 0001:0006F6D4       CreateLogText
 0001:000064B4       CreateMenu
 0001:000876AC       CreateMessageDialog
 0001:0004FB54       CreateMXQuery
 0001:000664D8       CreateOctreeNode
 0001:00006254       CreatePalette
 0001:0000625C       CreatePenIndirect
 0001:000064BC       CreatePopupMenu
 0001:00005E84       CreateProcess
 0001:00006264       CreateRectRgn
 0001:0000626C       CreateRectRgnIndirect
 0001:00006274       CreateSolidBrush
 0001:0007C908       CreateSystemPalette
 0001:0005859C       CreateTemplateFile
 0001:00005E8C       CreateThread
 0001:0000027C       CreateThread
 0001:0005F300       CreateThreadStr
 0001:00068FE0       CreateTmpLogFile
 0001:0005451C       CreateVirtualFile
 0001:00006A60       CreateWindow
 0001:000064C4       CreateWindowEx
 0001:0005A90C       CreateXMLLogCopy
 0001:00047318       CreateZipFile
 0001:000695B8       CreateZIPFile
 0001:00076E1C       Create_EurekaLogUnitsList
 0002:000069C4       CreationControl
 0002:00006A7C       CreationControl
 0002:00000580       CRelationshipToBoolean
 0002:00000404       CResult
 0002:00000F74       CriticalError
 0002:00006668       CriticalExceptObject
 0002:00000124       cSimpleBoolStrs
 0002:0000052C       CText
 0002:00006B78       Ctl3DStyles
 0002:00000528       CTruth
 0002:0000861C       curAlloc
 0001:000154D8       CurrCompare
 0002:00008738       CurrencyDecimals
 0002:00008734       CurrencyFormat
 0002:00008730       CurrencyString
 0002:0000B928       CurrentAsmErrorLine
 0002:0000B930       CurrentAsmErrorText
 0002:0000B934       CurrentCPUErrorText
 0002:0000B9C4       CurrentDialog
 0001:000757C4       CurrentEurekaLogOptions
 0002:0000B92C       CurrentGeneralErrorText
 0002:0000B89C       CurrentOptions
 0002:0000B9DC       CurrentProcessWindowsList
 0002:00006654       CurrentStackList
 0001:0000A240       CurrentYear
 0001:00009C50       CurrToStr
 0001:00012C10       CurrToWStrViaOS
 0002:00006D60       CursorMap
 0002:00006A8C       Cursors
 0001:0008AFCC       CursorToIdent
 0002:00006D50       cUseAlpha
 0002:00006D58       cUseColorKey
 0002:0000B840       CustomButtonClickNotify
 0002:0000B834       CustomDataRequest
 0002:0000B960       CustomExceptMessage
 0002:0000B83C       CustomWebFieldsRequest
 0002:00008F00       CV
 0002:000002FC       CVarTypeToElementInfo
 0002:00000164       CWNear
 0001:000154B0       DateCompare
 0001:000148E0       DateOp
 0002:00008739       DateSeparator
 0001:0000AE04       DateTimeToStr
 0001:0000ADA8       DateTimeToString
 0001:00009D68       DateTimeToTimeStamp
 0001:00012C44       DateToWStrViaOS
 0001:0000A1C8       DayOfWeek
 0002:0000B9D8       DbgSection
 0002:00000160       DCon10
 0002:000066D0       DDBsOnly
 0001:00024CC4       DeallocateHWnd
 0002:00000018       DebugHook
 0002:0000BB18       DebugHook_Assigned
 0001:0006AB88       DebugToStr
 0002:00008737       DecimalSeparator
 0001:00016EB0       DecIndices
 0001:0000A138       DecodeDate
 0001:00009FEC       DecodeDateFully
 0001:000267F0       DecodeNameString
 0001:00009E5C       DecodeTime
 0001:000007B4       Decommit
 0001:00000DD0       DecommitFree
 0002:000085F8       decommittedRoot
 0001:0003B054       Decrypt
 0001:000AC9E4       Default
 0001:000A74EC       Default
 0002:00000010       Default8087CW
 0002:00006A80       DefaultDockTreeClass
 0002:00000024       DefaultTextLineBreakStyle
 0002:00006924       DefBrushData
 0002:000066A4       DefFontData
 0001:000064CC       DefFrameProc
 0001:00049EF8       deflate
 0001:0004A1BC       deflateEnd
 0001:0004990C       deflateInit_
 0002:000001F0       DefLongDayNames
 0002:000001A4       DefLongMonthNames
 0001:000064D4       DefMDIChildProc
 0002:00006904       DefPenData
 0002:000001D4       DefShortDayNames
 0002:00000174       DefShortMonthNames
 0001:000064DC       DefWindowProc
 0001:00005028       DelayLoadResourceModule
 0001:00000470       DeleteBlock
 0001:000003E0       DeleteCriticalSection
 0001:00005E94       DeleteCriticalSection
 0001:0000627C       DeleteDC
 0001:00006284       DeleteEnhMetaFile
 0001:00069728       DeleteExtraFiles
 0001:00005E9C       DeleteFile
 0001:0000847C       DeleteFile
 0001:00000C18       DeleteFree
 0001:000064E4       DeleteMenu
 0001:0000628C       DeleteObject
 0001:000663E4       DeleteTree
 0001:00054688       DeleteVirtualFile
 0001:0007F068       DeselectBitmap
 0001:000064EC       DestroyCursor
 0001:0005DF54       DestroyDialogFonts
 0001:000064F4       DestroyIcon
 0001:000064FC       DestroyMenu
 0001:00006504       DestroyWindow
 0002:0000BE04       DetailsActive
 0001:0005FBC0       DetailsState
 0001:0000650C       DialogBoxParam
 0001:00088B18       DialogEnumerationTester
 0002:0000BE10       DialogHeight
 0001:00087EFC       Dialogs
 0002:0000BB28       DialogType
 0002:00006960       DIBPalSizes
 0002:00000080       dig
 0002:00000F78       Digits
 0001:00058578       DirectoryExists
 0001:000318EC       DisableMemoryLeaksCheck
 0001:000A4844       DisableTaskWindows
 0001:00006514       DispatchMessage
 0001:000AAA00       DispatchShortCut
 0002:00008000       DispCallByIDProc
 0001:00007ADC       DivMod
 0001:00086C28       Dlgs
 0001:0005D9C4       DlgTemplate
 0002:0000B814       DllList
 0001:000ABCD4       DoAlign
 0001:00090BC0       DoAlign
 0001:00094B1C       DoCalcConstraints
 0002:0000C848       DockSiteList
 0001:000A0A54       DoClick
 0001:00092248       DoControlMsg
 0001:000A47F4       DoDisableWindow
 0001:0008BCF8       DoDragOver
 0001:00007B54       DoExitProc
 0001:000969D4       DoFindControlZone
 0001:000A4930       DoFindWindow
 0001:00096F60       DoFindZone
 0001:00096A58       DoForEach
 0001:00098364       DoGetNextLimit
 0001:0002FD38       Done
 0001:000514D0       Done
 0001:00031AD8       Done
 0001:0004FF88       Done
 0001:00078D28       Done
 0001:000A47BC       DoneApplication
 0001:00076B04       DoneCheckFreeze
 0001:000990C4       DoneControls
 0002:0000B8F0       DoneExcept
 0001:00077ACC       DoneExceptAddr
 0001:0000C6E0       DoneExceptions
 0001:0004103C       DoneLib
 0001:00031678       DoneShareMem
 0001:000A8DF4       DoNestedActivation
 0001:000ABB24       DoPosition
 0001:00090780       DoPosition
 0001:0009798C       DoPrune
 0001:00097E64       DoSaveZone
 0001:00098068       DoSetNewBounds
 0001:0002C300       DotNetHostedFile
 0001:0006B628       DotNetHostedFileHandle
 0001:0006B5DC       DotNetMainFile
 0002:0000059C       DotSep
 0001:0007E1B8       DoWrite
 0001:0001C888       DoWrite
 0001:0007D598       DoWrite
 0001:0009B5DC       DoWrite
 0001:000918B8       DoWriteDesignSize
 0001:0008F358       DoWriteIsControl
 0002:0000C82C       DragCapture
 0002:0000C820       DragControl
 0001:0008C440       DragDone
 0001:0008BCA8       DragFindTarget
 0001:0008BC7C       DragFindWindow
 0002:0000C844       DragImageList
 0001:0008C098       DragInit
 0001:0008C208       DragInitControl
 0002:0000C828       DragInternalObject
 0001:0008BBDC       DragMessage
 0002:0000C824       DragObject
 0002:0000C850       DragSave
 0002:0000C838       DragSaveCursor
 0002:0000C830       DragStartPos
 0002:0000C83C       DragThreshold
 0001:0008BDC8       DragTo
 0001:000ACA20       DrawAppIcon
 0001:00039BAC       DrawBmp
 0001:0003A730       DrawBottom
 0001:0006499C       DrawButton
 0001:00064830       DrawClickHere
 0001:000974F8       DrawCloseButton
 0001:000647AC       DrawControl
 0001:0000651C       DrawEdge
 0001:0003A6BC       DrawFrame
 0001:00006524       DrawFrameControl
 0001:00097550       DrawGrabberLine
 0001:0000652C       DrawIcon
 0001:00006534       DrawIconEx
 0002:00006BB4       DrawingStyles
 0001:0003A7D8       DrawItem
 0001:0003A784       DrawLine
 0001:0000653C       DrawMenuBar
 0001:000A1D94       DrawMenuItem
 0001:00062A30       DrawSupportLink
 0001:00006544       DrawText
 0001:0007C3D8       DupBits
 0002:0000B977       DuplicatedException
 0001:00005EA4       DuplicateHandle
 0001:00016E5C       DynArrayBounds
 0001:00004CD4       DynArrayClear
 0001:00016DD4       DynArrayDim
 0001:00016DB8       DynArrayElTypeInfo
 0001:000172DC       DynArrayFromVariant
 0001:00016D78       DynArrayIndex
 0001:00004CDC       DynArraySetLength
 0001:00016DEC       DynArraySize
 0001:00016FBC       DynArrayToVariant
 0001:00016F1C       DynArrayVariantBounds
 0001:00016F74       DynArrayVarType
 0001:0003B424       EBase64
 0001:0002BD34       EConsts
 0001:0002FD90       ECore
 0001:000293B8       EDebug
 0002:00006CA0       EdgeStyle
 0002:00006B68       EdgeStyles
 0001:00038FD8       EDisAsm
 0001:0003B148       EEncrypt
 0001:00039AD4       EHash
 0001:0000C12C       EHeapException.FreeInstance
 0001:000515CC       EHook
 0001:0003C024       ElaborateString
 0001:00041820       ElaborateURL
 0001:00041988       ElaborateWebPage
 0001:000500FC       ELang
 0001:00031B98       ELeaks
 0001:0003ADF4       EListView
 0001:0003FCD0       ELogManager
 0001:0000654C       EmptyClipboard
 0001:00015318       EmptyCompare
 0001:00014CD0       EmptyOp
 0002:000088B0       EmptyParam
 0002:000000A8       EmptyStr
 0002:000000AC       EmptyWideStr
 0002:00000674       EMsgs
 0001:00031760       EnableMemoryLeaksCheck
 0001:00006554       EnableMenuItem
 0002:00006C38       Enables
 0001:0000655C       EnableScrollBar
 0001:000A48F8       EnableTaskWindows
 0001:00006564       EnableWindow
 0001:00066308       Encode
 0001:00009FBC       EncodeDate
 0002:00002578       EncodedChars
 0001:00009E1C       EncodeTime
 0001:00069144       EncodeURL
 0001:0000656C       EndDialog
 0001:0001B448       EndGlobalLoading
 0001:00006574       EndPaint
 0001:000037A8       EndThread
 0001:000003D0       EnterCriticalSection
 0001:00005EAC       EnterCriticalSection
 0001:00005EB4       EnumCalendarInfoA
 0002:0000C728       EnumDisplayMonitors
 0001:0000B968       EnumEraNames
 0001:0000B9A4       EnumEraYearOffsets
 0001:000A79E8       EnumMonitorsProc
 0001:00005EBC       EnumSystemLocales
 0001:0000657C       EnumThreadWindows
 0001:00006584       EnumWindows
 0001:0005611C       EnumWindowsProc
 0001:00055FB4       EnumWindowsProc
 0001:0005600C       EnumWindowsProc
 0001:00025D3C       Eof
 0001:0000658C       EqualRect
 0002:00008800       EraNames
 0001:0000B090       EraToYear
 0002:0000881C       EraYearOffsets
 0002:00000078       errCaption
 0001:0009CBC8       Error
 0001:000671E4       Error
 0001:000018BC       Error
 0001:00031540       Error
 0001:0001E4C8       Error
 0001:0001A974       Error
 0002:00000004       ErrorAddr
 0001:00001870       ErrorAt
 0001:0000C1D8       ErrorHandler
 0002:0000020C       ErrorMap
 0002:00008008       ErrorProc
 0002:000083E8       ErrOutput
 0002:00000E4C       EShowOptions
 0001:0004FFE8       ESockets
 0001:000293F0       ETypes
 0002:0000066C       EurekaLogCurrentVersion
 0002:0000B990       EurekaLogList
 0001:00067A94       EurekaLogSendEmail
 0002:0000614C       EurekaLogUnits
 0002:0000B9B4       EurekaLogUnitsList
 0001:0005BC00       EurekaLog_AttachedFilesRequestEvent
 0001:00074968       EurekaLog_CallCreateThread
 0001:00074214       EurekaLog_CallExceptObject
 0001:00074AA0       EurekaLog_CallExitThread
 0001:000740C4       EurekaLog_CallGeneralRaise
 0001:000749FC       EurekaLog_CallResumeThread
 0001:0005BD48       EurekaLog_CustomButtonClickEvent
 0001:0005BB5C       EurekaLog_CustomDataRequestEventEx
 0001:0005BCA4       EurekaLog_CustomWebFieldsRequestEvent
 0001:0005BA14       EurekaLog_ExceptionActionNotifyEvent
 0001:0005BAB8       EurekaLog_ExceptionErrorNotifyEvent
 0001:0005B8CC       EurekaLog_ExceptionNotifyEvent
 0001:0005B970       EurekaLog_HandledExceptionNotifyEvent
 0001:0005B7B8       EurekaLog_PasswordRequestEvent
 0001:0005B7FC       EurekaLog_PasswordRequestEventEx
 0002:00000BD4       EVals
 0002:00000F0C       EVariablesOptions
 0001:00046E48       EWebTools
 0001:00001810       ExceptAddr
 0002:0000800C       ExceptClsProc
 0001:0000C64C       ExceptHandler
 0001:0000BFA0       Exception.Create
 0001:0000BFDC       Exception.CreateFmt
 0001:0000C05C       Exception.CreateRes
 0001:0000C098       Exception.CreateResFmt
 0002:0000B828       ExceptionActionNotify
 0002:0000801C       ExceptionClass
 0002:0000B870       ExceptionCriticalSection
 0001:0000BD00       ExceptionErrorMessage
 0002:0000B82C       ExceptionErrorNotify
 0001:000552C8       ExceptionLine
 0001:00079144       ExceptionLog
 0001:00075E50       ExceptionManager
 0002:0000B820       ExceptionNotify
 0002:0000B8A8       ExceptionNumber
 0002:0000B9CC       ExceptionsTime
 0002:0000B9D0       ExceptionTime
 0001:00058B00       ExceptionTypeByAddr
 0002:00000244       ExceptMap
 0001:00073778       ExceptNotify
 0001:0006A9B0       ExceptNotifyAfter1
 0001:0006AAAC       ExceptNotifyAfter2
 0001:0006AAC0       ExceptNotifyAfter3
 0001:000017F0       ExceptObject
 0002:00008010       ExceptObjProc
 0002:00008004       ExceptProc
 0001:00006294       ExcludeClipRect
 0002:00000000       ExitCode
 0001:00003560       ExitDll
 0002:00008048       ExitProc
 0001:0000028C       ExitProcess
 0002:00008028       ExitProcessProc
 0002:00000120       ExitProcList
 0001:00000284       ExitThread
 0001:00005EC4       ExitThread
 0001:0003B9CC       EXMLBuilder
 0001:0002C204       ExpandEnvVars
 0001:000086F0       ExpandFileName
 0001:0005C25C       ExportedFunctions
 0001:00086BD4       ExtCtrls
 0001:00059CA0       ExtractDebugData
 0001:000085DC       ExtractFileDrive
 0001:000086A8       ExtractFileExt
 0001:0002FE00       ExtractFileName
 0001:00008670       ExtractFileName
 0001:000085A8       ExtractFilePath
 0001:0000872C       ExtractFilePathNoDrive
 0001:000762D8       ExtractGZipStream
 0001:0005A27C       ExtractList
 0001:000087B8       ExtractRelativePath
 0001:00059810       ExtractStr
 0001:0002CC10       ExtractStringsEx
 0001:0005ECB0       ExtractThreadByList
 0001:0003D694       ExtractValue
 0001:0004E9E8       EZip
 0001:0004E858       EZlib
 0002:0000BBC8       fActive
 0002:00006684       fActivePage
 0002:0000883C       FalseBoolStrs
 0002:0000BBE4       fBigFont
 0002:0000BBCC       fCaptionFont
 0002:0000C7E8       FClipboard
 0002:00000154       FCon1E18
 0002:0000BBC0       fDlgBack
 0001:0006DD94       FetchStr
 0002:0000BBD4       fFixedFont1
 0002:0000BBD8       fFixedFont2
 0001:00008310       FileAge
 0001:00008308       FileClose
 0001:00008264       FileCreate
 0001:00008240       FileCreate
 0001:000089E0       FileDateToDateTime
 0001:00008378       FileExists
 0002:00006958       FileFormats
 0002:0000000C       FileMode
 0001:00001D64       FileNOPProc
 0001:000081E4       FileOpen
 0001:0000826C       FileRead
 0002:000005C8       FilerSignature
 0001:000082D0       FileSeek
 0001:000082C4       FileSeek
 0001:00005ECC       FileTimeToDosDateTime
 0001:00005ED4       FileTimeToLocalFileTime
 0001:00008298       FileWrite
 0001:00000D00       FillAfterGap
 0001:0005AA98       FillAttachedList
 0001:00000CAC       FillBeforeGap
 0001:00000D98       FillerSizeAfterGap
 0001:00000D28       FillerSizeBeforeGap
 0001:00006594       FillRect
 0001:0005719C       FillThreadsCount
 0001:00005B80       Finalization
 0001:00088D48       Finalization
 0001:00088124       Finalization
 0001:0000E9BC       Finalization
 0001:00087FBC       Finalization
 0001:00087F28       Finalization
 0001:00005D64       Finalization
 0001:00005DDC       Finalization
 0001:00087EA0       Finalization
 0001:000AEE60       Finalization
 0001:000AEE28       Finalization
 0001:0000E024       Finalization
 0001:0000DE24       Finalization
 0001:00024CEC       Finalization
 0001:000AEBA0       Finalization
 0001:0002931C       Finalization
 0001:000293C0       Finalization
 0001:00086BF8       Finalization
 0001:00086BA4       Finalization
 0001:0002BCB0       Finalization
 0001:00083CC4       Finalization
 0001:00083C7C       Finalization
 0001:00085D48       Finalization
 0001:00006EE4       Finalization
 0001:00085D10       Finalization
 0001:00006BA4       Finalization
 0001:00085CD8       Finalization
 0001:00085CA0       Finalization
 0001:00099318       Finalization
 0001:00085C68       Finalization
 0001:0009A638       Finalization
 0001:00085C30       Finalization
 0001:00082BF4       Finalization
 0001:00084020       Finalization
 0001:00082BB4       Finalization
 0001:0002FD3C       Finalization
 0001:00051604       Finalization
 0001:0009BC64       Finalization
 0001:00078F9C       Finalization
 0001:000793E8       Finalization
 0001:00051578       Finalization
 0001:00083CFC       Finalization
 0001:000500CC       Finalization
 0001:0004FF90       Finalization
 0001:00017A20       Finalization
 0001:00017DA0       Finalization
 0001:0004EA58       Finalization
 0001:0004E9B8       Finalization
 0001:0004E828       Finalization
 0001:00018B4C       Finalization
 0001:00018BA4       Finalization
 0001:000A2074       Finalization
 0001:00082434       Finalization
 0001:00046DF8       Finalization
 0001:0003FCA0       Finalization
 0001:0003B99C       Finalization
 0001:0003B3F4       Finalization
 0001:0003B118       Finalization
 0001:0003ADC4       Finalization
 0001:00039AA4       Finalization
 0001:00038F3C       Finalization
 0001:00081EA8       Finalization
 0001:00031B60       Finalization
 0001:00082088       Finalization
 0001:00082340       Finalization
 0002:00008AA4       FinalizationProc
 0001:00004CCC       FinalizeArray
 0001:000033B8       FinalizeUnits
 0001:000A0814       Find
 0001:00021648       FindAncestor
 0001:00005098       FindBS
 0001:0001AE70       FindClass
 0001:00005020       FindClassHInstance
 0001:00005EDC       FindClose
 0001:00008460       FindClose
 0001:0000029C       FindClose
 0001:00000C7C       FindCommitted
 0001:0008ADCC       FindControl
 0001:0009718C       FindControlAtPos
 0001:00017930       FindCustomVariantType
 0001:00017878       FindCustomVariantType
 0001:0008C764       FindDragTarget
 0001:00068F60       FindEOFLine
 0001:00041450       FindErrorMessage
 0001:0006E46C       FindException
 0001:0001F58C       FindExistingComponent
 0001:000083EC       FindFirst
 0001:00005EE4       FindFirstFile
 0001:000002A4       FindFirstFile
 0001:00057440       FindFullPath
 0001:00059C00       FindFunction
 0001:000A4A3C       FindGlobalComponent
 0001:0001B2D8       FindGlobalComponent
 0002:00008A54       FindGlobalComponentProcs
 0001:00052170       FindHandled
 0001:00004FF8       FindHInstance
 0001:0001B180       FindIdentToInt
 0001:0001B104       FindIntToIdent
 0001:00030894       FindLeakAddress
 0001:00030AA4       FindLeakClassName
 0001:000307EC       FindLeakSons
 0001:00078350       FindMainInstance
 0001:00008388       FindMatchingFile
 0001:00056510       FindModuleType
 0002:0000C7B0       FindMsg
 0001:0001E874       FindNestedComponent
 0001:0000843C       FindNext
 0001:00005EEC       FindNextFile
 0001:00030748       FindNextValidLeak
 0001:00025EAC       FindParam
 0001:0009CB90       FindPopupControl
 0001:0000E684       FindProc
 0001:000570E8       FindProcess
 0001:00005EF4       FindResource
 0001:00005070       FindResourceHInstance
 0001:000AE408       FindScanline
 0001:00040BB0       FindSelected
 0001:000A4994       FindTopMostWindow
 0001:000203FC       FindUniqueName
 0001:000166C0       FindVarData
 0001:0008C730       FindVCLWindow
 0001:0000659C       FindWindow
 0001:00088B70       FindWinHelp
 0002:0000BBF0       FixedFontName1
 0002:0000BBF4       FixedFontName2
 0002:0000BBE8       FixedFontSize
 0002:0000BE2C       FixedTmpOptionsFile
 0001:0007F460       FixupBitFields
 0002:00006CB0       Flags
 0002:0000884C       FLanguages
 0001:00084050       FlatSB
 0002:0000C754       FlatSB_EnableScrollBar
 0002:0000C760       FlatSB_GetScrollInfo
 0002:0000C764       FlatSB_GetScrollPos
 0002:0000C75C       FlatSB_GetScrollRange
 0002:0000C76C       FlatSB_SetScrollInfo
 0002:0000C768       FlatSB_SetScrollPos
 0001:00083D40       FlatSB_SetScrollProp
 0002:0000C770       FlatSB_SetScrollRange
 0002:0000C758       FlatSB_ShowScrollBar
 0002:0000BBDC       fLinkFont
 0002:0000BBE0       fLinkFont2
 0002:0000BD6C       fListViewItems
 0002:0000198C       FloatingPointOpcodes
 0001:000098E0       FloatToDecimal
 0001:00009C20       FloatToStr
 0001:00009314       FloatToText
 0001:000095EC       FloatToTextFmt
 0001:00001FC8       Flush
 0001:00005EFC       FlushInstructionCache
 0002:0000BBC4       fMemoBack
 0002:0000BD4C       fMonitor
 0002:0000BD54       fMonitorInfo
 0002:00000168       FMSecsPerDay
 0001:00009210       FmtStr
 0002:00006CC8       FocusCount
 0002:00006CC4       FocusMessages
 0002:00006874       FontCharsets
 0002:0000C6EC       FontManager
 0001:00075D9C       ForceApplicationTermination
 0001:000A4A10       ForegroundTask
 0002:0000C8BC       Form1
 0001:000091FC       Format
 0002:00000170       Format
 0001:00008D68       FormatBuf
 0001:00008D5C       FormatClearStr
 0001:0006E140       FormatComplete
 0001:0000AE18       FormatDateTime
 0001:00008CF0       FormatError
 0002:0000014C       FormatErrorStrs
 0001:00009C80       FormatFloat
 0001:00005F04       FormatMessage
 0001:00028D18       FormatProcName
 0001:00008D48       FormatVarToStr
 0001:000AEBFC       Forms
 0001:0000242C       FPower10
 0002:000069A8       FPrinter
 0001:000065A4       FrameRect
 0001:00030DEC       FreeAllLeaks
 0001:0000DA04       FreeAndNil
 0001:00053FE0       FreeClonedObject
 0001:000009E8       FreeCommitted
 0001:00000F08       FreeCurAlloc
 0001:0008C824       FreeDeviceContext
 0001:0008C8E0       FreeDeviceContexts
 0001:00024AB8       FreeIntConstList
 0001:000002AC       FreeLibrary
 0001:00005F0C       FreeLibrary
 0001:0007EFBC       FreeMemoryContexts
 0001:00024BEC       FreeObjectInstance
 0001:000523E0       FreeOutOfMemoryCache
 0001:00005F14       FreeResource
 0001:000671A8       FreeScreenshot
 0001:00000668       FreeSpace
 0001:0000D51C       FreeTerminateProcs
 0002:0000B93C       FreezeThread
 0002:0000BD50       fSendBmp
 0002:00008F58       FtpOpenFile
 0001:00046828       FTPUploadFiles
 0002:0000BBD0       fVariableFont
 0001:0007C3C8       GDICheck
 0001:0007C320       GDIError
 0001:0006226C       GeneralDialogProc
 0001:00073EA4       GeneralRaise
 0001:00052CAC       GeneralToRTF
 0001:000759B0       GenerateCallStack
 0001:0006A0DC       GenerateCustomWebFieldsString
 0001:00058454       GenerateHTML
 0001:00045C7C       GenerateMultipartBoundary
 0001:000420C8       GenerateMultipartBoundary
 0001:00045DAC       GenerateRequestBody
 0001:0004221C       GenerateRequestBody
 0001:00005F1C       GetACP
 0001:0006B970       GetActiveControlClass
 0001:0006B988       GetActiveControlText
 0001:0006B890       GetActiveFormClass
 0001:0006B8DC       GetActiveFormText
 0001:0005F368       GetActiveMonitorData
 0001:000065AC       GetActiveWindow
 0001:0006C9C0       GetAdapterInfo
 0001:00057168       GetAllocatedMemory
 0001:000AC1B0       GetAnimation
 0001:0006C534       GetApplicationName
 0001:00056084       GetApplicationRect
 0001:0006B870       GetApplicationUpTime
 0001:00050834       GetAsmSize
 0001:0008700C       GetAveCharSize
 0001:0005D7C0       GetBaseOfStack
 0001:0000629C       GetBitmapBits
 0001:000003E8       GetBlockDesc
 0001:00064914       GetBottonWidth
 0001:000062A4       GetBrushOrgEx
 0001:00006A30       GetBValue
 0001:0005D69C       GetCallStackByAddresses
 0001:00054FB4       GetCallStackDump
 0001:000065B4       GetCapture
 0001:0008B074       GetCaptureControl
 0001:0001AE1C       GetClass
 0001:000065BC       GetClassInfo
 0001:000065C4       GetClassName
 0001:000065CC       GetClientRect
 0001:000065D4       GetClipboardData
 0001:0007DD64       GetClipboardFormats
 0001:000062AC       GetClipBox
 0001:00000384       GetCmdShow
 0001:0009A800       GetColor
 0001:0003AC44       GetColumnAlign
 0001:0003AC18       GetColumnCount
 0001:000002B4       GetCommandLine
 0001:00005F2C       GetCommandLine
 0001:00000834       GetCommitted
 0001:000008C4       GetCommittedAt
 0001:0006DC6C       GetCompanyName
 0001:0006B814       GetCompilationDate
 0001:00052780       GetCompleteTimeStr
 0001:00022490       GetComponentValue
 0001:00005F34       GetComputerName
 0001:00091DFC       GetControlAtPos
 0001:0007327C       GetControlClass
 0001:000732D4       GetControlText
 0001:0000A304       GetCount
 0001:00005F24       GetCPInfo
 0001:00039084       GetCRC16
 0001:0003903C       GetCRC32
 0001:00008A4C       GetCurrentDir
 0001:000002BC       GetCurrentDirectory
 0001:000062B4       GetCurrentObject
 0001:000062BC       GetCurrentPositionEx
 0001:0006DF64       GetCurrentPrinterHandle
 0001:00005F3C       GetCurrentProcess
 0001:00005F44       GetCurrentProcessId
 0001:0005D7C8       GetCurrentStackPointer
 0001:00075E48       GetCurrentStackPointer
 0001:00005F4C       GetCurrentThread
 0001:0000037C       GetCurrentThreadId
 0001:00005F54       GetCurrentThreadId
 0001:000069A4       GetCurrentTime
 0001:00054000       GetCurrentTopOfStack
 0001:0006DA94       GetCurrentUserPrivileges
 0001:000065DC       GetCursor
 0001:000AE418       GetCursorHeightMargin
 0001:000065E4       GetCursorPos
 0001:00030620       GetDataCaller
 0001:0000A330       GetDate
 0001:00005F5C       GetDateFormat
 0001:0000AFA8       GetDateOrder
 0001:000065EC       GetDC
 0001:000065F4       GetDCEx
 0001:000062C4       GetDCOrgEx
 0001:0005D0B8       GetDebugDetail
 0001:0006AC28       GetDebugInfoEx
 0001:00059F98       GetDebugInfosByAddr
 0001:000599EC       GetDebugPartialInfo
 0001:0006DE28       GetDefaultPrinter
 0001:00081AB8       GetDefFontCharSet
 0001:0001C1C4       GetDesigner
 0001:000065FC       GetDesktopWindow
 0001:000062DC       GetDeviceCaps
 0001:0006267C       GetDialogState
 0001:0007D328       GetDIB
 0001:000062CC       GetDIBColorTable
 0001:000062D4       GetDIBits
 0001:0007D270       GetDIBSizes
 0001:0007C538       GetDInColors
 0001:00005F64       GetDiskFreeSpaceA
 0002:0000011C       GetDiskFreeSpaceEx
 0001:0006C2F8       GetDiskInfo
 0001:0006D9A8       GetDisplayDPI
 0001:0006C7E4       GetDisplayMode
 0001:00006604       GetDlgItem
 0001:0004F754       GetDNSList
 0001:00098444       GetDockAlign
 0001:0008BA20       GetDockSiteAtPos
 0001:0004F910       GetDomain
 0001:0004FA7C       GetDomainName
 0001:0008BD34       GetDropCtl
 0001:0006F3BC       GetDump
 0001:00002AA8       GetDynaMethod
 0001:0006F0FC       GetEAX
 0001:0006F154       GetEBX
 0001:0006F1AC       GetECX
 0001:0006F2B4       GetEDI
 0001:0005E70C       GetEditText
 0001:0006F204       GetEDX
 0001:0005C000       GetEF
 0001:00037958       GetEffectiveAddress
 0001:0006F364       GetEIP
 0001:0006F62C       GetEmptySection
 0001:000062E4       GetEnhMetaFileBits
 0001:000062EC       GetEnhMetaFileHeader
 0001:000062F4       GetEnhMetaFilePaletteEntries
 0001:00017E10       GetEnumName
 0001:00017F04       GetEnumNameValue
 0001:00017F50       GetEnumValue
 0001:00005F6C       GetEnvironmentVariable
 0001:0002C198       GetEnvVariable
 0001:0000BA1C       GetEraNamesAndYearOffsets
 0001:0000B03C       GetEraYearOffset
 0001:0006F25C       GetESI
 0001:0006F30C       GetESP
 0001:00054FA4       GetESP
 0001:0005C71C       GetEurekaLogModuleVersion
 0001:0006BB84       GetExceptionAddress
 0001:0000C39C       GetExceptionClass
 0001:0006BB6C       GetExceptionDate
 0001:0006C058       GetExceptionMessage
 0001:0006BBB8       GetExceptionModuleName
 0001:0006BC74       GetExceptionModuleVersion
 0001:0000C580       GetExceptionObject
 0001:0006BCE8       GetExceptionType
 0001:0005D8D4       GetExceptMessage
 0001:00005F74       GetExitCodeProcess
 0001:00005F7C       GetExitCodeThread
 0001:0001ADA4       GetFieldClassTable
 0001:00040450       GetFieldValue
 0001:00005F84       GetFileAttributes
 0001:00045D40       GetFileContents
 0001:000413E4       GetFileContents
 0001:0007DD44       GetFileFormats
 0001:0000022C       GetFileSize
 0001:00047370       GetFileSize
 0001:000467EC       GetFileSize
 0001:00056D20       GetFileSize
 0001:00000224       GetFileType
 0001:0006CE8C       GetFileVersionEx
 0001:000061DC       GetFileVersionInfo
 0001:000061E4       GetFileVersionInfoSize
 0001:000185D8       GetFloatProp
 0001:0000660C       GetFocus
 0001:0007AEA8       GetFontData
 0001:00006614       GetForegroundWindow
 0001:0000CFA0       GetFormatSettings
 0001:00030180       GetFramesCallStackDump
 0001:0006C3DC       GetFreeDisk
 0001:0006C278       GetFreeMemory
 0001:00005F8C       GetFullPathName
 0001:0006AEF0       GetFunctionAsm
 0001:0005096C       GetFunctionSize
 0001:0002CED8       GetGMT
 0001:00006A2C       GetGValue
 0001:00005F94       GetHandleInformation
 0001:0007A414       GetHashCode
 0001:000A97D0       GetHelpInfo
 0001:00083088       GetHelpSystem
 0001:000ABF94       GetHint
 0001:000ABFCC       GetHintControl
 0001:0004EA28       gethostbyname
 0001:0004EA30       gethostname
 0001:000A1F14       GetHotkey
 0001:00041A40       GetHTTPResponse
 0001:00046080       GetHTTPResponse
 0001:0000661C       GetIconInfo
 0001:00029038       GetImageNtHeaders
 0001:0006D080       GetIndexKeyName
 0001:0006DDC8       GetIniDefPrinter
 0001:000189F4       GetInt64Prop
 0001:00018A58       GetInterfaceProp
 0001:00073B70       GetIntraWebExceptionType
 0001:00039B84       GetItemRect
 0001:0006159C       GetItemText
 0001:00006634       GetKeyboardLayout
 0001:0000663C       GetKeyboardLayoutList
 0001:00006644       GetKeyboardState
 0001:00002714       GetKeyboardType
 0001:00006624       GetKeyNameText
 0001:0000662C       GetKeyState
 0001:0006BB20       GetLanguageString
 0001:0000664C       GetLastActivePopup
 0001:0009670C       GetLastChildZone
 0001:000002C4       GetLastError
 0001:00005F9C       GetLastError
 0001:00030848       GetLeakCount
 0001:00040DC0       GetListDefault
 0001:00040A3C       GetListValue
 0001:0000B7E0       GetLocaleChar
 0001:0006B9F4       GetLocaleDataA
 0001:0006B9B4       GetLocaleDataW
 0001:000002CC       GetLocaleInfo
 0001:00005FAC       GetLocaleInfo
 0001:00005FB4       GetLocaleInfoA
 0001:00005FBC       GetLocaleInfoW
 0001:0000B794       GetLocaleStr
 0001:00005FA4       GetLocalTime
 0001:0008B030       GetLongHint
 0001:0002C838       GetLongNameFromShort
 0001:00018280       GetLongStrProp
 0001:00055FEC       GetMainWindow
 0001:000062FC       GetMapMode
 0001:000399A4       GetMD5
 0001:0006C12C       GetMemInfo
 0001:000017B8       GetMemoryManager
 0001:00006654       GetMenu
 0001:000A9758       GetMenuHelpContext
 0001:0000665C       GetMenuItemCount
 0001:00006664       GetMenuItemID
 0001:0000666C       GetMenuItemInfo
 0001:0009F060       GetMenuSize
 0001:00006674       GetMenuState
 0001:0000667C       GetMenuString
 0001:0001897C       GetMethodProp
 0001:0002C794       GetModifiedDate
 0001:00047214       GetModifiedDate
 0001:000568E0       GetModuleDescriptionAndVersion
 0001:000002D4       GetModuleFileName
 0001:00005FC4       GetModuleFileName
 0001:000002DC       GetModuleHandle
 0001:00005C5C       GetModuleHandle
 0001:00005FCC       GetModuleHandle
 0001:000566D4       GetModulePath
 0001:000567B0       GetModuleSize
 0001:00057050       GetModulesList
 0001:00056EC0       GetModulesWin9X
 0001:00056D5C       GetModulesWinNT
 0001:00056840       GetModuleVer
 0001:0005ABBC       GetModule_ProcedureEvent
 0002:0000C71C       GetMonitorInfo
 0002:0000C720       GetMonitorInfoA
 0002:0000C724       GetMonitorInfoW
 0001:0005F5C4       GetMonitorWorkAreaFromActiveWnd
 0001:0005F5A0       GetMonitorWorkAreaFromWnd
 0001:0005F4BC       GetMonitorWorkAreaFromWndEx
 0001:0000B844       GetMonthDayNames
 0001:0004FC7C       GetMXBestRecord
 0001:0004FBDC       GetMXRecord
 0001:0004FD6C       GetMXServerFromEmail
 0001:0006CD08       GetNetworkData
 0001:00006684       GetNextWindow
 0001:00006304       GetObject
 0001:00030634       GetObjectCaller
 0001:00066848       GetOptimizedPalette
 0001:00040C9C       GetOptionsDefault
 0001:000314FC       GetOptionsFromExeFile
 0001:0004083C       GetOptionsValue
 0001:000180A8       GetOrdProp
 0001:00054B8C       GetOSBuild
 0001:0006BB54       GetOSCharset
 0001:0006BB48       GetOSLanguage
 0001:000548A8       GetOSType
 0001:0006B9A0       GetOSUpdate
 0001:000523C4       GetOutOfMemoryCache
 0001:00066420       GetPaletteColors
 0001:0000630C       GetPaletteEntries
 0001:0006B770       GetParameters
 0001:00001A7C       GetParamStr
 0001:0000668C       GetParent
 0001:000A4C08       GetParentForm
 0001:0005CA6C       GetPassword
 0001:00006314       GetPixel
 0001:00052108       GetPrinterDriver
 0001:0006DFD8       GetPrinterStr
 0001:00005FD4       GetPriorityClass
 0001:00005FDC       GetPrivateProfileString
 0001:000002E4       GetProcAddress
 0001:00005FE4       GetProcAddress
 0001:00057944       GetProcessesList
 0001:0006C604       GetProcessor
 0001:00056C8C       GetProcessThreads
 0001:0002C328       GetProfileFolder
 0001:00005FEC       GetProfileString
 0001:00006694       GetProp
 0001:00017FB4       GetPropInfo
 0001:00018024       GetPropInfos
 0001:000301F8       GetRawCallStackDump
 0001:00031460       GetRawOptions
 0001:0002C6BC       GetReadableSize
 0001:0002FE88       GetReadableSize
 0001:0005A3A8       GetRealFileName
 0001:000A50C8       GetRealScrollPosition
 0001:00037300       GetRefAddress
 0001:00037460       GetRegName
 0001:00031418       GetResourceData
 0001:00058BE4       GetResourceData
 0001:0009A7E0       GetRGBColor
 0001:00006A28       GetRValue
 0001:0000669C       GetScrollInfo
 0001:000066A4       GetScrollPos
 0001:000066AC       GetScrollRange
 0001:0008AFEC       GetShortHint
 0001:00018178       GetShortStrProp
 0001:00018210       GetShortStrPropAsLongStr
 0001:00058F2C       GetSourceInfoByAddr
 0001:0000058C       GetSpace
 0001:000005F0       GetSpaceAt
 0001:0009CC20       GetSpecialName
 0001:0006F59C       GetStack
 0001:0006C51C       GetStartDate
 0001:000002EC       GetStartupInfo
 0001:00005FF4       GetStartupInfo
 0001:00000234       GetStdHandle
 0001:00005FFC       GetStdHandle
 0001:0000631C       GetStockObject
 0001:00006004       GetStringTypeEx
 0001:000183B0       GetStrProp
 0001:000066B4       GetSubMenu
 0001:0005969C       GetSymbolAddr
 0001:000066BC       GetSysColor
 0001:0000600C       GetSystemDefaultLangID
 0001:00006014       GetSystemInfo
 0001:000066C4       GetSystemMenu
 0002:0000C70C       GetSystemMetrics
 0001:000066CC       GetSystemMetrics
 0001:00006324       GetSystemPaletteEntries
 0001:0000601C       GetSystemTime
 0001:0006C7A8       GetSystemUpTime
 0001:00040204       GetTagValue
 0001:00006024       GetTempPath
 0001:00040630       GetTextAreaValue
 0001:00006334       GetTextExtentPoint
 0001:0000632C       GetTextExtentPoint32
 0001:0005E530       GetTextHeight
 0001:0000633C       GetTextMetrics
 0001:0005E688       GetTextWidth
 0001:0000602C       GetThreadContext
 0001:0005ED4C       GetThreadData
 0001:00006034       GetThreadLocale
 0001:000002F4       GetThreadLocale
 0001:00073AF8       GetThreadParams
 0001:0000603C       GetThreadPriority
 0001:00006044       GetTickCount
 0001:0000A368       GetTime
 0001:00005C88       GetTlsSize
 0001:00005E14       GetTokenInformation
 0001:000AC754       GetTopMostWindows
 0001:00054FAC       GetTopOfStack
 0001:0008B17C       GetTopParent
 0001:000066D4       GetTopWindow
 0001:0006C47C       GetTotalDisk
 0001:0006C1F8       GetTotalMemory
 0001:00017E04       GetTypeData
 0001:0006DC58       GetUserEmail
 0001:00005E1C       GetUserName
 0001:0002C3E4       GetUserPath
 0001:0004218C       GetValueFromIndex
 0001:000169F4       GetVarArray
 0001:000168B0       GetVarDataArrayInfo
 0001:00004780       GetVariantManager
 0001:000188FC       GetVariantProp
 0001:0000604C       GetVersion
 0001:00006054       GetVersionEx
 0001:00056CC4       GetVersionNumber
 0001:0006D250       GetVideoCardStr
 0001:00050438       GetVirtualMethod
 0001:0001841C       GetWideStrProp
 0001:00018300       GetWideStrPropAsLongStr
 0001:000066DC       GetWindow
 0001:00055E58       GetWindowClassName
 0001:000066E4       GetWindowDC
 0001:000066EC       GetWindowLong
 0001:0000634C       GetWindowOrgEx
 0001:000066F4       GetWindowPlacement
 0001:000066FC       GetWindowRect
 0001:0000605C       GetWindowsDirectory
 0001:00006704       GetWindowText
 0001:00006714       GetWindowThreadProcessId
 0001:0000670C       GetWindowThreadProcessId
 0001:00006344       GetWinMetaFileBits
 0001:0002D114       GetWorkingFile
 0001:00006064       GlobalAddAtom
 0001:0000606C       GlobalAlloc
 0001:000069C0       GlobalAllocPtr
 0001:00006074       GlobalDeleteAtom
 0001:0000607C       GlobalFindAtom
 0002:00008A58       GlobalFixupList
 0001:0001E9BC       GlobalFixupReferences
 0001:00006084       GlobalFree
 0001:000069EC       GlobalFreePtr
 0001:00006094       GlobalHandle
 0001:0000608C       GlobalLock
 0001:0000609C       GlobalMemoryStatus
 0002:00008A40       GlobalNameSpace
 0001:000060A4       GlobalReAlloc
 0001:000069D0       GlobalReAllocPtr
 0002:0000C22C       GlobalSendValues
 0001:000060AC       GlobalUnlock
 0002:0000BBA4       Global_AttachedFiles
 0002:0000BB4B       Global_CloseDialog
 0002:0000BB98       Global_CurrentEvent
 0002:0000BBAC       Global_DataFields
 0002:0000BB70       Global_ExceptionRecord
 0002:0000BB48       Global_Execute
 0002:0000BB49       Global_Handled
 0002:0000667C       Global_IntoHandleException
 0002:0000BBB4       Global_IntraWebText
 0002:0000BBA0       Global_LastInitPassword
 0002:0000BBB0       Global_Module
 0002:0000BB9C       Global_Password
 0002:0000BB4A       Global_Retry
 0002:0000BBA8       Global_WebFields
 0002:0000BBB8       Global_WebTextID
 0002:00008980       GOldVariantManager
 0001:00073D38       GoNotify
 0001:00081F7C       Graphics
 0001:0001AF98       GroupDescendentsWith
 0002:000017CC       GroupsOpcodes
 0002:0000190C       GroupsOperands
 0002:000088D4       GVariantManager
 0001:000779C8       HandleAnyExceptionAddr
 0002:0000B8AC       HandleAnyExceptionAddr_Variable
 0001:00030E40       HandleAnyLeak
 0001:00077A6C       HandleAutoExceptionAddr
 0002:0000B8B4       HandleAutoExceptionAddr_Variable
 0001:0003A648       HandleBackgroundState
 0001:0000F52C       HandleConversionException
 0002:0000BA10       HandledCache
 0002:0000BA0C       HandledCacheCount
 0002:0000BB00       HandledCacheCriticalSection
 0002:0000B824       HandledExceptionNotify
 0001:000305E8       HandleError
 0001:0001FC54       HandleException
 0001:00077A14       HandleOnExceptionAddr
 0002:0000B8B0       HandleOnExceptionAddr_Variable
 0001:00055E1C       HasWindowASize
 0002:00000014       HeapAllocFlags
 0002:000085C4       heapErrorCode
 0002:000085C8       heapLock
 0001:000AF098       HelloWorld
 0001:000AEE58       HelloWorldMain
 0001:00083CBC       HelpIntfs
 0002:0000C748       HelpManager
 0002:0000C7AC       HelpMsg
 0002:0000C800       HelpViewer
 0002:00000118       HexDisplayPrefix
 0001:000984C0       HideZone
 0002:00008718       HInstance
 0002:0000C8B0       HintDoneEvent
 0001:000AC09C       HintGetMsgHook
 0002:0000C8B4       HintHook
 0001:000AC040       HintMouseThread
 0002:0000C8B8       HintThread
 0002:0000C8AC       HintThreadID
 0001:000ABFEC       HintTimerProc
 0002:00006CC0       HintWindowClass
 0001:000069A0       HiWord
 0001:0005BF64       HookBPLProcedureByAddr
 0001:0005BFD8       HookBPLProcedureBySymbol
 0001:00051060       HookDllProcedure
 0001:00074AC0       HookedCreateThread
 0001:00074310       HookedExceptionObject
 0001:000744E0       HookedExceptProc
 0001:00074F38       HookedExitThread
 0001:00075028       HookedHttpExtensionProc
 0002:0000B818       HookedMethodsList
 0002:0000B810       HookedProcedures
 0001:000741F4       HookedRaise
 0001:00074D1C       HookedResumeThread
 0001:00074704       HookedRTLThreadProc
 0001:00074428       HookedRtlUnwind
 0001:000745AC       HookedThreadExecute
 0001:00074834       HookedThreadProc
 0001:00074FF4       HookedWriteClientProc
 0001:00074450       HookedWriteFile
 0001:00075F8C       Hooked_CGIHandleServerException
 0001:000760A0       Hooked_CLXHandleException
 0001:000760D0       Hooked_CLXShowException
 0001:00076770       Hooked_DoneExcept
 0001:00076740       Hooked_IndyThreadHandleException
 0001:00076124       Hooked_IntraWebCreateServer
 0001:00076420       Hooked_IntraWebSendResponse
 0001:00075FBC       Hooked_ISAPIHandleServerException
 0001:0007668C       Hooked_NTServiceLogMessage
 0001:00075FEC       Hooked_VCLHandleException
 0001:00076060       Hooked_VCLShowException
 0001:000AC0E0       HookHintHooks
 0001:00078320       HookingModuleName
 0001:00078344       HookingRTLModuleName
 0001:00077CC4       HookLastFInit
 0001:00077C3C       HookLastInit
 0001:00050C48       HookProcedure
 0001:00050D5C       HookProcedureEx
 0001:0005BECC       HookSymbolProcedure
 0001:00050484       HookVirtualMethod
 0001:00077CD4       Hook_InitializationAndFinalization
 0001:00077E70       Hook_OnExceptionEvents
 0001:00067EC0       HostName
 0002:00004000       HTMLChars
 0002:00003D00       HTMLDelimiters
 0001:0004EA00       htons
 0002:00008F34       HttpAddRequestHeaders
 0002:00008F44       HttpEndRequest
 0002:00008F30       HttpOpenRequest
 0002:00008F48       HttpQueryInfo
 0002:00008F38       HttpSendRequest
 0002:00008F3C       HttpSendRequestEx
 0001:00046334       HTTPUploadFiles
 0001:00006AAC       HwndMSWheel
 0002:00006C54       IBreaks
 0002:00006C60       IChecks
 0002:000069E0       IconIDs
 0002:00006694       IDATHeader
 0001:000662C0       IDATWrite
 0002:0000BB3C       IDC_CURSOR
 0002:00006C68       IDefaults
 0001:0007AE98       IdentToCharset
 0001:0007AC90       IdentToColor
 0001:0008AFDC       IdentToCursor
 0001:0001B1FC       IdentToInt
 0002:00006C70       IEnables
 0001:00052548       ifelseStr
 0001:0009FE04       IfHotkeyAvailable
 0001:000525C0       ifStr
 0002:000066A0       iLevel
 0001:00082390       ImageList_Add
 0001:00039E3C       ImageList_Add
 0001:000823B0       ImageList_AddIcon
 0001:000823D4       ImageList_BeginDrag
 0001:00082378       ImageList_Create
 0001:00039E34       ImageList_Create
 0001:00082380       ImageList_Destroy
 0001:00039E44       ImageList_Destroy
 0001:000823E4       ImageList_DragEnter
 0001:000823EC       ImageList_DragLeave
 0001:000823F4       ImageList_DragMove
 0001:00082404       ImageList_DragShowNolock
 0001:000823BC       ImageList_Draw
 0001:000823C4       ImageList_DrawEx
 0001:000823DC       ImageList_EndDrag
 0001:000823A8       ImageList_GetBkColor
 0001:0008240C       ImageList_GetDragImage
 0001:00082424       ImageList_GetIconSize
 0001:00082388       ImageList_GetImageCount
 0001:00082414       ImageList_Read
 0001:000823CC       ImageList_Remove
 0001:00082398       ImageList_ReplaceIcon
 0001:000823A0       ImageList_SetBkColor
 0001:000823FC       ImageList_SetDragCursorImage
 0001:0008242C       ImageList_SetIconSize
 0001:0008241C       ImageList_Write
 0002:00006BC4       Images
 0001:0009BC94       ImgList
 0001:00082C24       Imm
 0002:00006BA8       IMM32DLL
 0001:000990B0       Imm32IsIME
 0001:0006AD90       ImmidiateDataProc
 0002:0000016C       IMSecsPerDay
 0002:0000B9B0       InactiveThreads
 0001:0000F618       InBounds
 0001:0000F9B4       InBounds
 0001:0002F810       IncludeLastBackslash
 0001:0000F9E4       Increment
 0001:0000F648       Increment
 0002:0000B9E0       IndyHooked
 0002:0000B8EC       IndyThread_HandleException
 0002:0000B8D0       Indy_OnException
 0001:0004B320       inflate
 0001:0004C1D8       inflateEnd
 0001:00046F40       InflateInit
 0001:0004B0E8       inflateInit_
 0001:0000671C       InflateRect
 0001:0004AF60       inflateReset
 0001:0002C464       IniDir
 0001:0005149C       Init
 0001:0002FD2C       Init
[...]
 15000 0001:00075353 15005 0001:00075358 15006 0001:0007535C 15007 0001:00075371
 15008 0001:00075378 15014 0001:0007537C 15015 0001:00075383 15016 0001:0007538C
 15017 0001:0007538E 15018 0001:0007539A 15019 0001:000753A5 15020 0001:000753B1
 15021 0001:000753BA 15026 0001:000753C0 15027 0001:000753C7 15028 0001:000753CF
 15029 0001:000753DD 15030 0001:000753EC 15032 0001:00075408 15034 0001:00075418
 15039 0001:0007541C 15042 0001:00075423 15043 0001:00075429 15044 0001:0007543C
 15045 0001:00075444 15046 0001:00075447 15051 0001:0007544C 15054 0001:00075453
 15055 0001:00075459 15056 0001:0007546C 15057 0001:00075474 15058 0001:00075477
 15063 0001:0007547C 15066 0001:00075483 15067 0001:00075489 15068 0001:0007549B
 15069 0001:000754A3 15070 0001:000754A6 15073 0001:000754AC 15074 0001:000754B2
 15075 0001:000754BB 15079 0001:000754C0 15080 0001:000754C8 15084 0001:000754CC
 15085 0001:000754D4 15089 0001:000754D8 15090 0001:000754E0 15094 0001:000754E4
 15095 0001:000754EC 15098 0001:000754F0 15099 0001:000754F7 15100 0001:00075503
 15101 0001:00075511 15102 0001:00075518 15103 0001:00075527 15108 0001:0007552C
 15109 0001:00075534 15110 0001:0007553C 15113 0001:0007554A 15114 0001:00075551
 15116 0001:00075555 15118 0001:0007556B 15119 0001:00075575 15121 0001:00075576
 15114 0001:00075577 15124 0001:00075588 15126 0001:00075598 15130 0001:0007559C
 15131 0001:000755A6 15132 0001:000755AA 15133 0001:000755B5 15134 0001:000755C3
 15135 0001:000755D4 15137 0001:000755F8 15139 0001:0007560E 15142 0001:00075614
 15143 0001:00075615 15145 0001:00075637 15146 0001:00075650 15150 0001:00075654
 15151 0001:00075663 15152 0001:0007566E 15153 0001:0007567C 15154 0001:00075688
 15156 0001:000756AA 15158 0001:000756BD 15165 0001:000756C4 15166 0001:000756C8
 15167 0001:000756D1 15166 0001:000756DA 15168 0001:000756DD 15169 0001:000756E4
 15175 0001:000756E8 15176 0001:000756EE 15178 0001:000756F7 15179 0001:00075702
 15180 0001:0007570B 15183 0001:00075710 15184 0001:0007571B 15185 0001:00075722
 15186 0001:00075739 15189 0001:0007573C 15190 0001:00075742 15191 0001:0007574B
 15200 0001:00075750 15201 0001:00075753 15202 0001:00075771 15204 0001:00075774
 15206 0001:0007578C 15208 0001:00075791 15209 0001:00075792 15210 0001:00075795
 15212 0001:00075798 15213 0001:000757B3 15219 0001:000757BC 15220 0001:000757C1
 15231 0001:000757C4 15232 0001:000757E0 15233 0001:00075830 15234 0001:00075835
 15235 0001:0007583C 15236 0001:00075887 15237 0001:000758B6 15348 0001:000759B0
 15349 0001:000759DD 15350 0001:000759EC 15351 0001:000759FB 15352 0001:00075A09
 15353 0001:00075A13 15355 0001:00075A2A 15356 0001:00075A32 15357 0001:00075A51
 15359 0001:00075A62 15360 0001:00075A6E 15361 0001:00075A7C 15362 0001:00075A80
 15363 0001:00075A88 15364 0001:00075AA2 15365 0001:00075AAE 15366 0001:00075AC3
 15367 0001:00075AD1 15368 0001:00075AEF 15369 0001:00075B0F 15370 0001:00075B32
 15371 0001:00075B55 15372 0001:00075B75 15373 0001:00075B95 15374 0001:00075B9A
 15376 0001:00075BAC 15377 0001:00075BBD 15376 0001:00075BCB 15379 0001:00075BCE
 15381 0001:00075BD4 15382 0001:00075BEF 15384 0001:00075C0D 15385 0001:00075C1B
 15387 0001:00075C1E 15389 0001:00075C28 15353 0001:00075C29 15391 0001:00075C3F
 15392 0001:00075C47 15394 0001:00075C79 15396 0001:00075CA0 15397 0001:00075CD6
 15398 0001:00075CE4 15400 0001:00075CF1 15401 0001:00075D07 15402 0001:00075D15
 15404 0001:00075D34 15407 0001:00075D5F 15409 0001:00075D91 15412 0001:00075D9C
 15413 0001:00075DA1 15414 0001:00075DA8 15416 0001:00075DAC 15417 0001:00075DB3
 15418 0001:00075DBC 15420 0001:00075DCB 15422 0001:00075DDA 15580 0001:00075DE0
 15581 0001:00075DE7 15582 0001:00075DF1 15583 0001:00075DFF 15585 0001:00075E1D
 15587 0001:00075E32 15608 0001:00075E38 15609 0001:00075E3D 15613 0001:00075E40
 15614 0001:00075E45 15650 0001:00075E48 15651 0001:00075E4A 15652 0001:00075E4D
 15654 0001:00075E50 15655 0001:00075E5E 15657 0001:00075E62 15658 0001:00075E6C
 15659 0001:00075E7A 15661 0001:00075E83 15662 0001:00075E97 15664 0001:00075E9B
 15665 0001:00075EAD 15669 0001:00075EB7 15676 0001:00075EEB 15678 0001:00075EF6
 15679 0001:00075EFC 15681 0001:00075F02 15682 0001:00075F24 15686 0001:00075F59
 15688 0001:00075F6E 15714 0001:00075F8C 15715 0001:00075F92 15716 0001:00075FAF
 15717 0001:00075FB9 15722 0001:00075FBC 15723 0001:00075FC2 15724 0001:00075FDF
 15725 0001:00075FE9 15731 0001:00075FEC 15732 0001:00075FF5 15735 0001:0007601B
 15736 0001:00076025 15737 0001:00076033 15739 0001:0007604A 15742 0001:00076059
 15745 0001:00076060 15746 0001:00076066 15748 0001:00076092 15749 0001:0007609C
 15754 0001:000760A0 15755 0001:000760A6 15756 0001:000760C3 15757 0001:000760CD
 15760 0001:000760D0 15761 0001:000760D6 15763 0001:000760ED 15764 0001:00076107
 15766 0001:00076114 15767 0001:0007611E 15776 0001:00076124 15777 0001:00076139
 15778 0001:00076141 15780 0001:00076147 15781 0001:0007615F 15783 0001:00076163
 15784 0001:00076174 15787 0001:0007618B 15788 0001:000761A3 15789 0001:000761A7
 15791 0001:000761C5 15792 0001:000761D4 15793 0001:000761EA 15794 0001:0007620E
 15805 0001:00076258 15806 0001:0007626C 15808 0001:000762C0 15822 0001:000762D8
 15823 0001:000762F8 15824 0001:00076307 15826 0001:0007630D 15827 0001:0007631B
 15829 0001:00076331 15830 0001:0007634C 15831 0001:00076357 15832 0001:00076365
 15833 0001:0007637A 15834 0001:00076382 15836 0001:0007638E 15837 0001:000763A0
 15838 0001:000763AE 15840 0001:000763C9 15843 0001:000763E9 15845 0001:00076419
 15847 0001:00076420 15848 0001:00076440 15850 0001:0007644F 15851 0001:0007645E
 15852 0001:0007646C 15853 0001:0007647A 15854 0001:00076488 15855 0001:00076497
 15856 0001:000764B0 15857 0001:000764C8 15860 0001:000764E6 15861 0001:00076510
 15863 0001:0007651D 15864 0001:0007652C 15865 0001:0007653A 15866 0001:00076556
 15867 0001:00076562 15868 0001:00076571 15869 0001:0007657F 15870 0001:0007658A
 15871 0001:00076596 15872 0001:000765A8 15874 0001:000765D1 15877 0001:000765EE
 15880 0001:000765FE 15883 0001:00076618 15886 0001:0007663E 15889 0001:0007664E
 15890 0001:00076679 15898 0001:0007668C 15899 0001:000766AF 15902 0001:000766D0
 15903 0001:000766D4 15906 0001:000766EB 15907 0001:00076704 15909 0001:00076736
 15914 0001:00076740 15915 0001:00076746 15916 0001:00076760 15917 0001:0007676A
 15923 0001:00076770 15924 0001:00076777 15926 0001:00076779 15927 0001:0007677E
 15928 0001:00076780 15930 0001:00076782 15931 0001:00076787 15932 0001:0007678D
 15933 0001:0007678E 15934 0001:00076794 15935 0001:00076796 15936 0001:00076798
 15937 0001:0007679A 15938 0001:000767A0 15939 0001:000767A2 15940 0001:000767A4
 15941 0001:000767A6 15942 0001:000767AB 15943 0001:000767AD 15944 0001:000767B2
 15945 0001:000767B4 15946 0001:000767B5 15947 0001:000767BA 15948 0001:000767BB
 15951 0001:000767C0 15952 0001:000767C6 15957 0001:000767C8 15958 0001:000767DA
 15959 0001:000767FC 15970 0001:00076800 15971 0001:00076823 15973 0001:00076828
 15976 0001:00076831 15977 0001:0007683E 15978 0001:0007684B 15982 0001:0007685A
 15984 0001:0007685C 15985 0001:00076865 15989 0001:00076895 15990 0001:0007689C
 15992 0001:000768A1 15995 0001:000768AA 15997 0001:000768AC 15998 0001:000768B3
 15999 0001:000768B4 16000 0001:000768C2 16002 0001:000768C4 16003 0001:000768E1
 16004 0001:00076900 16006 0001:00076908 16007 0001:00076913 16008 0001:0007691F
 16009 0001:0007692D 16010 0001:0007693F 16011 0001:00076949 16014 0001:00076977
 16016 0001:0007699E 16019 0001:000769AC 16021 0001:000769E7 16025 0001:00076A04
 16026 0001:00076A0F 16029 0001:00076A23 16030 0001:00076A50 16035 0001:00076A58
 16036 0001:00076A5B 16039 0001:00076A76 16040 0001:00076A7D 16041 0001:00076A8B
 16042 0001:00076AA8 16044 0001:00076AAF 16045 0001:00076AC0 16046 0001:00076AC9
 16047 0001:00076AD5 16049 0001:00076ADF 16051 0001:00076AF3 16053 0001:00076B02
 16057 0001:00076B04 16059 0001:00076B16 16060 0001:00076B20 16061 0001:00076B2E
 16063 0001:00076B40 16064 0001:00076B50 16065 0001:00076B5A 16066 0001:00076B61
 16073 0001:00076B64 16074 0001:00076B6A 16076 0001:00076B73 16078 0001:00076B7B
 16079 0001:00076B84 16080 0001:00076B8E 16082 0001:00076B95 16086 0001:00076B9D
 16087 0001:00076BA6 16090 0001:00076BAC 16091 0001:00076BB2 16093 0001:00076BBB
 16095 0001:00076BC0 16096 0001:00076BC9 16097 0001:00076BD6 16099 0001:00076BDD
 16103 0001:00076BE5 16104 0001:00076BEE 16108 0001:00076BF4 16109 0001:00076BF9
 16113 0001:00076BFC 16114 0001:00076C01 16121 0001:00076C04 16122 0001:00076C28
 16125 0001:00076C64 16126 0001:00076C7B 16130 0001:00076C8A 16131 0001:00076CA1
 16135 0001:00076CB0 16136 0001:00076CC7 16140 0001:00076CD6 16141 0001:00076CED
 16145 0001:00076CFC 16146 0001:00076D13 16150 0001:00076D22 16151 0001:00076D39
 16155 0001:00076D5E 16156 0001:00076D75 16160 0001:00076D97 16164 0001:00076DB0
 16168 0001:00076DC9 16171 0001:00076E0F 16274 0001:00076E1C 16275 0001:00076E37
 16276 0001:00076E45 16277 0001:00076E4E 16279 0001:00076E58 16280 0001:00076E6C
 16277 0001:00076E6F 16281 0001:00076E8F 16291 0001:00076E98 16292 0001:00076EB0
 16294 0001:00076EBD 16296 0001:00076ECB 16297 0001:00076ED2 16299 0001:00076EE9
 16303 0001:00076F04 16304 0001:00076F12 16305 0001:00076F19 16307 0001:00076F30
 16311 0001:00076F4B 16312 0001:00076F59 16313 0001:00076F60 16314 0001:00076F67
 16316 0001:00076F73 16317 0001:00076F7A 16319 0001:00076F8B 16320 0001:00076FA4
 16322 0001:00076FAC 16325 0001:00076FBD 16326 0001:00076FC9 16328 0001:00076FE7
 16330 0001:00076FFA 16331 0001:0007700B 16332 0001:0007701E 16333 0001:00077031
 16334 0001:00077042 16335 0001:0007704C 16336 0001:00077056 16337 0001:00077060
 16338 0001:0007706A 16339 0001:00077079 16340 0001:00077080 16342 0001:000770A2
 16344 0001:000770B0 16345 0001:000770B9 16346 0001:000770C1 16348 0001:000770C9
 16349 0001:000770DA 16350 0001:000770EB 16351 0001:000770FC 16352 0001:00077101
 16353 0001:00077112 16354 0001:00077123 16355 0001:00077134 16357 0001:00077148
 16359 0001:00077179 16367 0001:000771EC 16368 0001:00077213 16370 0001:00077220
 16371 0001:00077224 16372 0001:00077232 16374 0001:0007723A 16375 0001:00077246
 16376 0001:00077259 16379 0001:00077273 16381 0001:00077279 16382 0001:0007727D
 16384 0001:00077281 16385 0001:0007728D 16388 0001:0007729A 16389 0001:0007729E
 16390 0001:000772C1 16391 0001:000772C7 16392 0001:000772CD 16394 0001:000772D9
 16372 0001:000772DD 16396 0001:000772E6 16397 0001:000772EF 16398 0001:000772F8
 16400 0001:00077314 16402 0001:00077338 16404 0001:00077347 16410 0001:0007736C
 16411 0001:0007738E 16413 0001:0007739B 16415 0001:000773B7 16419 0001:000773C5
 16421 0001:000773CC 16424 0001:000773EB 16428 0001:00077468 16430 0001:00077476
 16432 0001:000774AD 16435 0001:000774CC 16440 0001:000774DD 16441 0001:000774E7
 16444 0001:000774EE 16445 0001:000774FC 16446 0001:00077503 16447 0001:0007750D
 16448 0001:00077514 16449 0001:0007751E 16450 0001:00077525 16451 0001:0007752F
 16452 0001:00077536 16453 0001:00077540 16454 0001:0007754A 16455 0001:00077554
 16456 0001:0007755E 16457 0001:00077568 16458 0001:0007756F 16459 0001:00077579
 16460 0001:00077580 16461 0001:0007758A 16462 0001:00077591 16463 0001:0007759B
 16464 0001:000775A2 16465 0001:000775AC 16466 0001:000775B3 16467 0001:000775BD
 16468 0001:000775C4 16469 0001:000775CE 16470 0001:000775D5 16471 0001:000775DF
 16472 0001:000775E6 16473 0001:000775F0 16474 0001:000775F7 16475 0001:00077602
 16476 0001:00077611 16479 0001:00077616 16480 0001:00077620 16481 0001:0007762A
 16482 0001:00077634 16483 0001:0007763E 16484 0001:00077648 16485 0001:00077652
 16486 0001:0007765C 16487 0001:00077666 16488 0001:00077670 16489 0001:0007767A
 16490 0001:00077684 16491 0001:0007768E 16492 0001:00077698 16493 0001:000776A2
 16494 0001:000776AC 16495 0001:000776B6 16496 0001:000776C0 16497 0001:000776CA
 16498 0001:000776D4 16499 0001:000776DE 16500 0001:000776E8 16501 0001:000776F2
 16502 0001:000776FC 16503 0001:00077706 16504 0001:00077710 16505 0001:0007771A
 16506 0001:00077724 16507 0001:0007772E 16508 0001:00077738 16509 0001:00077742
 16511 0001:00077747 16514 0001:00077760 16518 0001:0007777B 16520 0001:00077789
 16521 0001:00077790 16523 0001:000777A7 16527 0001:000777C2 16528 0001:000777D0
 16529 0001:000777D7 16531 0001:000777EE 16534 0001:0007782B 16538 0001:000778E4
 16539 0001:000778FB 16543 0001:000778FC 16544 0001:00077913 16551 0001:00077914
 16552 0001:0007791E 16555 0001:00077920 16557 0001:00077933 16558 0001:0007793E
 16559 0001:00077949 16562 0001:00077954 16563 0001:0007795F 16566 0001:0007796A
 16567 0001:00077986 16568 0001:000779AE 16585 0001:000779B4 16589 0001:000779B8
 16590 0001:000779BF 16591 0001:000779C4 16596 0001:000779C8 16597 0001:000779CF
 16599 0001:000779EC 16601 0001:000779F1 16603 0001:000779F6 16604 0001:000779F7
 16605 0001:000779FA 16607 0001:000779FD 16608 0001:00077A0D 16613 0001:00077A14
 16614 0001:00077A1B 16619 0001:00077A49 16621 0001:00077A4E 16622 0001:00077A4F
 16623 0001:00077A52 16625 0001:00077A55 16626 0001:00077A65 16631 0001:00077A6C
 16632 0001:00077A72 16633 0001:00077A81 16634 0001:00077A8F 16636 0001:00077AB4
 16638 0001:00077AC7 16643 0001:00077ACC 16644 0001:00077AD3 16646 0001:00077AF0
 16648 0001:00077AF5 16650 0001:00077AFA 16651 0001:00077AFB 16652 0001:00077AFE
 16654 0001:00077B01 16655 0001:00077B11 16667 0001:00077B18 16668 0001:00077B21
 16671 0001:00077B28 16672 0001:00077B37 16673 0001:00077B45 16674 0001:00077B4F
 16675 0001:00077B5E 16677 0001:00077B69 16678 0001:00077B73 16679 0001:00077B82
 16681 0001:00077B8D 16682 0001:00077B97 16683 0001:00077BA6 16685 0001:00077BB1
 16688 0001:00077BBB 16692 0001:00077BC2 16693 0001:00077BD1 16694 0001:00077BDB
 16685 0001:00077BDC 16696 0001:00077BDF 16699 0001:00077BE9 16700 0001:00077C03
 16701 0001:00077C14 16696 0001:00077C15 16703 0001:00077C25 16705 0001:00077C35
 16715 0001:00077C3C 16717 0001:00077C3F 16718 0001:00077C45 16721 0001:00077C4C
 16723 0001:00077C5F 16724 0001:00077C75 16725 0001:00077C82 16726 0001:00077C9D
 16730 0001:00077CB2 16731 0001:00077CBF 16735 0001:00077CC4 16736 0001:00077CCB
 16737 0001:00077CD1 16739 0001:00077CD4 16740 0001:00077CDA 16742 0001:00077CE1
 16743 0001:00077CE6 16744 0001:00077CF4 16746 0001:00077CFE 16747 0001:00077D06
 16749 0001:00077D1F 16750 0001:00077D2F 16752 0001:00077D3C 16753 0001:00077D41
 16754 0001:00077D50 16756 0001:00077D5B 16757 0001:00077D63 16759 0001:00077D7D
 16761 0001:00077D89 16771 0001:00077D90 16772 0001:00077DAB 16773 0001:00077DB8
 16774 0001:00077DD4 16775 0001:00077E21 16777 0001:00077E70 16779 0001:00077E8E
 16790 0001:00077EA9 16800 0001:00077EC4 16810 0001:00077ED1 16813 0001:00077EE2
 16820 0001:00077EF3 16824 0001:00077F0E 16830 0001:00077F29 16833 0001:00077F2E
 16837 0001:00077F4E 16840 0001:00077F6E 16841 0001:00077F6F 16843 0001:00077F79
 16848 0001:00077F99 16853 0001:00077FB4 16858 0001:00077FCF 16859 0001:00077FD8
 16864 0001:00077FF3 16866 0001:00078001 16869 0001:0007803E 16873 0001:00078304
 16874 0001:0007831F 16877 0001:00078320 16878 0001:00078323 16879 0001:00078334
 16882 0001:00078338 16886 0001:0007833B 16888 0001:00078342 16903 0001:00078344
 16904 0001:00078347 16906 0001:0007834E 16911 0001:00078350 16912 0001:00078358
 16914 0001:00078367 16915 0001:0007836C 16917 0001:00078379 16920 0001:000783A1
 16921 0001:000783B4 16923 0001:000783B6 16915 0001:000783B7 16924 0001:000783BA
 16935 0001:000783C0 16936 0001:000783C7 16937 0001:000783DA 16938 0001:000783E8
 16940 0001:000783FF 16942 0001:0007840F 16944 0001:00078414 16945 0001:00078431
 16946 0001:00078435 16948 0001:00078452 16949 0001:00078461 16950 0001:0007846F
 16951 0001:00078487 16953 0001:0007849B 16954 0001:000784AD 16955 0001:000784B0
 16956 0001:000784B5 16957 0001:000784CA 16959 0001:000784DD 16961 0001:00078512
 16963 0001:00078518 16964 0001:00078537 16965 0001:00078555 16967 0001:0007855F
 16969 0001:0007856A 16972 0001:00078594 16975 0001:000785B1 16976 0001:000785B8
 16977 0001:000785BF 16978 0001:000785C6 16979 0001:000785CD 16980 0001:000785E2
 16981 0001:000785E9 16982 0001:000785F0 16983 0001:000785F7 16984 0001:000785FE
 16985 0001:00078605 16986 0001:0007860C 16987 0001:00078613 16988 0001:0007861A
 16989 0001:00078621 16990 0001:00078638 16991 0001:0007864F 16992 0001:00078656
 16993 0001:00078660 16994 0001:00078667 16995 0001:00078676 16996 0001:0007867D
 16997 0001:0007868E 16998 0001:00078698 17000 0001:0007869F 17001 0001:000786A9
 17002 0001:000786B3 17004 0001:000786BD 17006 0001:000786C2 17009 0001:000786CB
 17012 0001:000786D0 17014 0001:000786DE 17015 0001:000786E5 17019 0001:000786EA
 17020 0001:000786FB 17022 0001:0007870C 17023 0001:00078725 17025 0001:0007872D
 17054 0001:00078740 17056 0001:00078745 17057 0001:00078756 17058 0001:00078767
 17059 0001:00078778 17060 0001:00078789 17062 0001:0007879A 17063 0001:000787A1
 17064 0001:000787AD 17065 0001:000787B4 17066 0001:000787BB 17067 0001:000787C5
 17068 0001:000787CC 17069 0001:000787D3 17072 0001:000787F5 17073 0001:00078808
 17075 0001:00078816 17076 0001:0007881F 17077 0001:00078827 17080 0001:0007882F
 17081 0001:00078834 17082 0001:0007883E 17083 0001:00078848 17085 0001:00078859
 17086 0001:0007886A 17087 0001:0007886F 17088 0001:00078876 17089 0001:00078880
 17090 0001:00078887 17091 0001:0007888E 17092 0001:00078895 17093 0001:0007889C
 17094 0001:000788A3 17096 0001:000788AA 17097 0001:000788B1 17098 0001:000788B8
 17100 0001:000788BF 17102 0001:000788C6 17105 0001:000788CE 17107 0001:000788D8
 17109 0001:000788F2 17110 0001:000788FE 17111 0001:00078909 17112 0001:00078915
 17114 0001:00078920 17117 0001:00078925 17123 0001:00078972 17129 0001:000789BF
 17135 0001:00078A0C 17136 0001:00078A21 17138 0001:00078A2A 17152 0001:00078A43
 17158 0001:00078A90 17164 0001:00078ADD 17170 0001:00078B2A 17172 0001:00078B38
 17174 0001:00078B46 17176 0001:00078B54 17177 0001:00078B59 17181 0001:00078B83
 17183 0001:00078B90 17186 0001:00078BA4 17187 0001:00078BD6 17191 0001:00078C12
 17195 0001:00078C19 17197 0001:00078C22 17198 0001:00078C27 17202 0001:00078C56
 17209 0001:00078D28 17210 0001:00078D3C 17211 0001:00078D4A 17213 0001:00078D5D
 17214 0001:00078D67 17216 0001:00078D71 17217 0001:00078D84 17219 0001:00078D8B
 17220 0001:00078D95 17221 0001:00078D9C 17222 0001:00078DA6 17223 0001:00078DAD
 17224 0001:00078DB7 17225 0001:00078DBE 17226 0001:00078DC8 17227 0001:00078DCF
 17228 0001:00078DD9 17230 0001:00078DE0 17231 0001:00078DE5 17233 0001:00078DF0
 17235 0001:00078E02 17236 0001:00078E0F 17239 0001:00078E1C 17240 0001:00078E25
 17242 0001:00078E34 17243 0001:00078E3E 17244 0001:00078E45 17245 0001:00078E4F
 17246 0001:00078E56 17247 0001:00078E60 17249 0001:00078E67 17250 0001:00078E71
 17251 0001:00078E7B 17252 0001:00078E85 17253 0001:00078E8F 17256 0001:00078E96
 17258 0001:00078E9F 17259 0001:00078EAB 17260 0001:00078EB5 17263 0001:00078EC8
 17264 0001:00078ED2 17265 0001:00078ED9 17266 0001:00078EE3 17267 0001:00078EEA
 17268 0001:00078EF4 17270 0001:00078EFB 17271 0001:00078F0A 17273 0001:00078F11
 17275 0001:00078F1A 17276 0001:00078F25 17279 0001:00078F2C 17280 0001:00078F31
 17282 0001:00078F45 17283 0001:00078F4F 17284 0001:00078F56 17286 0001:00078F85
 17314 0001:00078F9C 17315 0001:00078FC8 17317 0001:00079124 17309 0001:00079144
 17310 0001:00079168 17311 0001:00079177 17313 0001:00079191

Line numbers for HelloWorldMain(HelloWorldMain.pas) segment .text

    30 0001:000AEDFC    31 0001:000AEE06    35 0001:000AEE20    36 0001:000AEE25
    38 0001:000AEE58    38 0001:000AEE5F

Line numbers for HelloWorld(E:\Development\Git\HelloWorld\HelloWorld.dpr) segment .text

    10 0001:000AF098    11 0001:000AF0A8    12 0001:000AF0B4    13 0001:000AF0CC
    14 0001:000AF0D8

Bound resource files

C:\Program Files (x86)\EurekaLog 6\Delphi6\DIALOG.RES
c:\program files (x86)\borland\delphi6\Lib\CONTROLS.RES
HelloWorldMain.dfm
HelloWorld.res
HelloWorld.drf


Program entry point at 0001:000AF098
